18:27:47 **** Clean-only build of configuration Release for project echo_server ****
make clean 
rm -rf  ./src/echo.o ./src/iic_phyreset.o ./src/main.o  ./src/echo.d ./src/iic_phyreset.d ./src/main.d  echo_server.elf.size  echo_server.elf
' '

18:27:47 Build Finished (took 174ms)

18:27:47 **** Incremental Build of configuration Release for project echo_server ****
make all 
'Building file: ../src/echo.c'
'Invoking: MicroBlaze gcc compiler'
mb-gcc -Wall -O2 -c -fmessage-length=0 -MT"src/echo.o" -I../../echo_server_bsp/microblaze_0/include -mlittle-endian -mxl-barrel-shift -mxl-pattern-compare -mno-xl-soft-div -mcpu=v10.0 -mno-xl-soft-mul -mxl-multiply-high -mhard-float -mxl-float-convert -mxl-float-sqrt -Wl,--no-relax -ffunction-sections -fdata-sections -MMD -MP -MF"src/echo.d" -MT"src/echo.o" -o "src/echo.o" "../src/echo.c"
../src/echo.c: In function 'send_sync_command':
../src/echo.c:279:5: warning: implicit declaration of function 'usleep' [-Wimplicit-function-declaration]
     usleep(1000);usleep(1000);usleep(1000);
     ^~~~~~
../src/echo.c:248:8: warning: variable 'Error' set but not used [-Wunused-but-set-variable]
    int Error;
        ^~~~~
../src/echo.c: In function 'send_Calpulse_LV1As':
../src/echo.c:443:6: warning: unused variable 'i' [-Wunused-variable]
  u32 i;
      ^
In file included from ../src/echo.c:45:0:
../src/echo.c: In function 'Initialize_everything':
../../echo_server_bsp/microblaze_0/include/xstatus.h:65:41: warning: 'return' with a value, in function returning void
 #define XST_FAILURE                     1L
                                         ^
../src/echo.c:543:11: note: in expansion of macro 'XST_FAILURE'
    return XST_FAILURE;
           ^~~~~~~~~~~
../src/echo.c:529:6: note: declared here
 void Initialize_everything()
      ^~~~~~~~~~~~~~~~~~~~~
In file included from ../src/echo.c:45:0:
../../echo_server_bsp/microblaze_0/include/xstatus.h:64:41: warning: 'return' with a value, in function returning void
 #define XST_SUCCESS                     0L
                                         ^
../src/echo.c:629:9: note: in expansion of macro 'XST_SUCCESS'
  return XST_SUCCESS;
         ^~~~~~~~~~~
../src/echo.c:529:6: note: declared here
 void Initialize_everything()
      ^~~~~~~~~~~~~~~~~~~~~
../src/echo.c: In function 'Initialize_fifo':
../src/echo.c:765:7: warning: unused variable 'Error' [-Wunused-variable]
   int Error;
       ^~~~~
../src/echo.c:764:7: warning: unused variable 'i' [-Wunused-variable]
   int i;
       ^
../src/echo.c: In function 'RxReceive':
../src/echo.c:824:11: warning: variable 'length' set but not used [-Wunused-but-set-variable]
  unsigned length=0;
           ^~~~~~
../src/echo.c:803:6: warning: unused variable 'Status' [-Wunused-variable]
  int Status;
      ^~~~~~
../src/echo.c: In function 'XLlFifoPollingExample':
../src/echo.c:890:6: warning: variable 'Error' set but not used [-Wunused-but-set-variable]
  int Error;
      ^~~~~
../src/echo.c:889:6: warning: unused variable 'i' [-Wunused-variable]
  int i;
      ^
../src/echo.c:886:18: warning: unused variable 'Config' [-Wunused-variable]
  XLlFifo_Config *Config;
                  ^~~~~~
../src/echo.c: In function 'TxSend':
../src/echo.c:999:6: warning: unused variable 'j' [-Wunused-variable]
  u32 j;
      ^
../src/echo.c:998:6: warning: unused variable 'i' [-Wunused-variable]
  u32 i;
      ^
In file included from ../src/echo.c:45:0:
../src/echo.c: In function 'check_fifo':
../../echo_server_bsp/microblaze_0/include/xstatus.h:65:41: warning: 'return' with a value, in function returning void
 #define XST_FAILURE                     1L
                                         ^
../src/echo.c:1094:10: note: in expansion of macro 'XST_FAILURE'
   return XST_FAILURE;
          ^~~~~~~~~~~
../src/echo.c:1067:6: note: declared here
 void check_fifo(u32  *SourceAddr,u32 data_len,u8 verbose_mode)
      ^~~~~~~~~~
In file included from ../src/echo.c:45:0:
../../echo_server_bsp/microblaze_0/include/xstatus.h:64:41: warning: 'return' with a value, in function returning void
 #define XST_SUCCESS                     0L
                                         ^
../src/echo.c:1100:9: note: in expansion of macro 'XST_SUCCESS'
  return XST_SUCCESS;
         ^~~~~~~~~~~
../src/echo.c:1067:6: note: declared here
 void check_fifo(u32  *SourceAddr,u32 data_len,u8 verbose_mode)
      ^~~~~~~~~~
../src/echo.c:1070:5: warning: unused variable 'i' [-Wunused-variable]
 u32 i;
     ^
../src/echo.c: At top level:
../src/echo.c:1133:9: warning: type defaults to 'int' in declaration of 'crc_ok' [-Wimplicit-int]
 extern  crc_ok;
         ^~~~~~
../src/echo.c: In function 'HDLC_Rx':
../src/echo.c:1268:6: warning: variable 'crc_received' set but not used [-Wunused-but-set-variable]
  u16 crc_received;
      ^~~~~~~~~~~~
../src/echo.c:1267:6: warning: unused variable 'crc_calculated' [-Wunused-variable]
  u16 crc_calculated;
      ^~~~~~~~~~~~~~
../src/echo.c:1260:4: warning: unused variable 'type_id' [-Wunused-variable]
 u8 type_id=0xaa;
    ^~~~~~~
../src/echo.c:1219:5: warning: unused variable 'hdlc_control' [-Wunused-variable]
  u8 hdlc_control = 0xff;
     ^~~~~~~~~~~~
../src/echo.c:1218:5: warning: unused variable 'hdlc_address' [-Wunused-variable]
  u8 hdlc_address = 0xff;
     ^~~~~~~~~~~~
../src/echo.c: In function 'HDLC_Tx':
../src/echo.c:1779:17: warning: pointer targets in passing argument 1 of 'crc16' differ in signedness [-Wpointer-sign]
   ut1.crc=crc16(hdlc_tx, length);
                 ^~~~~~~
../src/echo.c:1181:14: note: expected 'char *' but argument is of type 'u8 * {aka unsigned char *}'
 unsigned int crc16(char *data_p, unsigned short length)
              ^~~~~
../src/echo.c:1901:26: warning: array subscript has type 'char' [-Wchar-subscripts]
    ZeroInsertion_location[j]=i+1;
                          ^
In file included from ../src/echo.c:45:0:
../../echo_server_bsp/microblaze_0/include/xstatus.h:65:41: warning: 'return' with a value, in function returning void
 #define XST_FAILURE                     1L
                                         ^
../src/echo.c:1954:11: note: in expansion of macro 'XST_FAILURE'
    return XST_FAILURE;
           ^~~~~~~~~~~
../src/echo.c:1726:6: note: declared here
 void HDLC_Tx(XLlFifo *InstancePtr,u32 register_address, u32 register_data,u8 mode,u32* SourceAddr,u8 verbose_mode)
      ^~~~~~~
../src/echo.c: In function 'ReadADC':
../src/echo.c:2004:12: warning: variable 'status' set but not used [-Wunused-but-set-variable]
  unsigned  status;
            ^~~~~~
../src/echo.c: In function 'AdjustIref':
../src/echo.c:2161:12: warning: format '%x' expects argument of type 'unsigned int', but argument 2 has type 'u32 {aka long unsigned int}' [-Wformat=]
   printf("%x ,  %f mv\r\n",register_data, imon_adc);
            ^
../src/echo.c:2177:17: warning: format '%x' expects argument of type 'unsigned int', but argument 2 has type 'u32 {aka long unsigned int}' [-Wformat=]
  printf("Iref= %x , imon= %f mv\r\n",register_data, imon_adc);
                 ^
../src/echo.c: In function 'CalibrateADC':
../src/echo.c:2228:40: warning: format '%X' expects argument of type 'unsigned int', but argument 2 has type 'u32 {aka long unsigned int}' [-Wformat=]
     printf("GBL_CFG_CTR_4 read_data = %X\r\n",read_data);
                                        ^
../src/echo.c:2245:42: warning: format '%X' expects argument of type 'unsigned int', but argument 2 has type 'u32 {aka long unsigned int}' [-Wformat=]
     printf("GBL_CFG_CTR_4 write_value = %X ,  read_value = %X, %d\r\n",register_data,read_data,register_data==read_data);
                                          ^
../src/echo.c:2245:61: warning: format '%X' expects argument of type 'unsigned int', but argument 3 has type 'u32 {aka long unsigned int}' [-Wformat=]
     printf("GBL_CFG_CTR_4 write_value = %X ,  read_value = %X, %d\r\n",register_data,read_data,register_data==read_data);
                                                             ^
../src/echo.c:2204:6: warning: unused variable 'loop' [-Wunused-variable]
   u8 loop=0;
      ^~~~
../src/echo.c:2193:18: warning: unused variable 'vmon_adc' [-Wunused-variable]
  double imon_adc,vmon_adc;
                  ^~~~~~~~
../src/echo.c:2193:9: warning: variable 'imon_adc' set but not used [-Wunused-but-set-variable]
  double imon_adc,vmon_adc;
         ^~~~~~~~
../src/echo.c:2192:12: warning: variable 'adc_1' set but not used [-Wunused-but-set-variable]
  u32 adc_0,adc_1;
            ^~~~~
../src/echo.c:2192:6: warning: variable 'adc_0' set but not used [-Wunused-but-set-variable]
  u32 adc_0,adc_1;
      ^~~~~
../src/echo.c: In function 'CalibrateCAL_DAC':
../src/echo.c:2444:25: warning: format '%d' expects argument of type 'int', but argument 2 has type 'u32 {aka long unsigned int}' [-Wformat=]
       printf("CAL_DAC= %d , GBL_CFG_CAL_0= %x , step_voltage= %fmv, base_voltage= %fmv, charge= %ffC\r\n",CAL_DAC,register_data,step_voltage*1000,base_voltage*1000,charge);
                         ^
../src/echo.c:2444:45: warning: format '%x' expects argument of type 'unsigned int', but argument 3 has type 'u32 {aka long unsigned int}' [-Wformat=]
       printf("CAL_DAC= %d , GBL_CFG_CAL_0= %x , step_voltage= %fmv, base_voltage= %fmv, charge= %ffC\r\n",CAL_DAC,register_data,step_voltage*1000,base_voltage*1000,charge);
                                             ^
../src/echo.c: In function 'Scurve':
../src/echo.c:2465:5: warning: unused variable 'p' [-Wunused-variable]
 u64 p=9;
     ^
../src/echo.c: In function 'DecodeDataPacket':
../src/echo.c:2776:5: warning: unused variable 'PKT_LEN' [-Wunused-variable]
  u8 PKT_LEN=22;
     ^~~~~~~
../src/echo.c:2774:5: warning: unused variable 'loop' [-Wunused-variable]
  u8 loop;
     ^~~~
../src/echo.c:2773:5: warning: unused variable 'Header' [-Wunused-variable]
  u8 Header;
     ^~~~~~
../src/echo.c:2771:6: warning: variable 'i' set but not used [-Wunused-but-set-variable]
  u32 i,j;
      ^
../src/echo.c: In function 'echo_application_thread':
../src/echo.c:2960:28: warning: passing argument 2 of 'sys_thread_new' from incompatible pointer type [-Wincompatible-pointer-types]
    sys_thread_new("echos", process_echo_request,
                            ^~~~~~~~~~~~~~~~~~~~
In file included from ../../echo_server_bsp/microblaze_0/include/netif/xadapter.h:46:0,
                 from ../src/echo.c:37:
../../echo_server_bsp/microblaze_0/include/lwip/sys.h:230:14: note: expected 'lwip_thread_fn {aka void (*)(void *)}' but argument is of type 'void (*)(void *, XLlFifo *) {aka void (*)(void *, struct XLlFifo *)}'
 sys_thread_t sys_thread_new(const char *name, lwip_thread_fn thread, void *arg, int stacksize, int prio);
              ^~~~~~~~~~~~~~
'Finished building: ../src/echo.c'
' '
'Building file: ../src/iic_phyreset.c'
'Invoking: MicroBlaze gcc compiler'
mb-gcc -Wall -O2 -c -fmessage-length=0 -MT"src/iic_phyreset.o" -I../../echo_server_bsp/microblaze_0/include -mlittle-endian -mxl-barrel-shift -mxl-pattern-compare -mno-xl-soft-div -mcpu=v10.0 -mno-xl-soft-mul -mxl-multiply-high -mhard-float -mxl-float-convert -mxl-float-sqrt -Wl,--no-relax -ffunction-sections -fdata-sections -MMD -MP -MF"src/iic_phyreset.d" -MT"src/iic_phyreset.o" -o "src/iic_phyreset.o" "../src/iic_phyreset.c"
'Finished building: ../src/iic_phyreset.c'
' '
'Building file: ../src/main.c'
'Invoking: MicroBlaze gcc compiler'
mb-gcc -Wall -O2 -c -fmessage-length=0 -MT"src/main.o" -I../../echo_server_bsp/microblaze_0/include -mlittle-endian -mxl-barrel-shift -mxl-pattern-compare -mno-xl-soft-div -mcpu=v10.0 -mno-xl-soft-mul -mxl-multiply-high -mhard-float -mxl-float-convert -mxl-float-sqrt -Wl,--no-relax -ffunction-sections -fdata-sections -MMD -MP -MF"src/main.d" -MT"src/main.o" -o "src/main.o" "../src/main.c"
'Finished building: ../src/main.c'
' '
'Building target: echo_server.elf'
'Invoking: MicroBlaze gcc linker'
mb-gcc -Wl,-T -Wl,../src/lscript.ld -L../../echo_server_bsp/microblaze_0/lib -mlittle-endian -mxl-barrel-shift -mxl-pattern-compare -mno-xl-soft-div -mcpu=v10.0 -mno-xl-soft-mul -mxl-multiply-high -mhard-float -mxl-float-convert -mxl-float-sqrt -Wl,--no-relax -Wl,--gc-sections -o "echo_server.elf"  ./src/echo.o ./src/iic_phyreset.o ./src/main.o   -Wl,--start-group,-lxil,-lfreertos,-lgcc,-lc,--end-group -Wl,--start-group,-lxil,-llwip4,-lgcc,-lc,--end-group
./src/echo.o: In function `send_sync_command':
(.text.send_sync_command+0x2c8): undefined reference to `SendReply'
collect2.exe: error: ld returned 1 exit status
make: *** [echo_server.elf] Error 1
18:27:48 **** Incremental Build of configuration Debug for project echo_server ****
make all 
'Building target: echo_server.elf'
'Invoking: MicroBlaze gcc linker'
mb-gcc -Wl,-T -Wl,../src/lscript.ld -L../../echo_server_bsp/microblaze_0/lib -mlittle-endian -mxl-barrel-shift -mxl-pattern-compare -mno-xl-soft-div -mcpu=v10.0 -mno-xl-soft-mul -mxl-multiply-high -mhard-float -mxl-float-convert -mxl-float-sqrt -Wl,--no-relax -Wl,--gc-sections -o "echo_server.elf"  ./src/echo.o ./src/iic_phyreset.o ./src/main.o   -Wl,--start-group,-lxil,-lfreertos,-lgcc,-lc,--end-group -Wl,--start-group,-lxil,-llwip4,-lgcc,-lc,--end-group
./src/echo.o: In function `send_sync_command':
F:\XAPP1026\KC705_AxiEth_150MHZ_64KB\HW\project_2.sdk\echo_server\Debug/../src/echo.c:1101: undefined reference to `SendReply'
collect2.exe: error: ld returned 1 exit status
make: *** [echo_server.elf] Error 1
18:37:19 **** Auto Build of configuration Debug for project echo_server ****
make all 
'Building file: ../src/echo.c'
'Invoking: MicroBlaze gcc compiler'
mb-gcc -Wall -O0 -g3 -c -fmessage-length=0 -MT"src/echo.o" -I../../echo_server_bsp/microblaze_0/include -mlittle-endian -mxl-barrel-shift -mxl-pattern-compare -mno-xl-soft-div -mcpu=v10.0 -mno-xl-soft-mul -mxl-multiply-high -mhard-float -mxl-float-convert -mxl-float-sqrt -Wl,--no-relax -ffunction-sections -fdata-sections -MMD -MP -MF"src/echo.d" -MT"src/echo.o" -o "src/echo.o" "../src/echo.c"
../src/echo.c: In function 'send_sync_command':
../src/echo.c:279:5: warning: implicit declaration of function 'usleep' [-Wimplicit-function-declaration]
     usleep(1000);usleep(1000);usleep(1000);
     ^~~~~~
../src/echo.c:417:17: warning: passing argument 2 of 'SendReply' from incompatible pointer type [-Wincompatible-pointer-types]
    SendReply(sd,&DestinationBuffer,Rcv_len);
                 ^
../src/echo.c:134:6: note: expected 'u32 * {aka long unsigned int *}' but argument is of type 'u32 (*)[256000] {aka long unsigned int (*)[256000]}'
 void SendReply(int sd,u32 *Buffer, u32 length);
      ^~~~~~~~~
../src/echo.c:248:8: warning: variable 'Error' set but not used [-Wunused-but-set-variable]
    int Error;
        ^~~~~
../src/echo.c: In function 'send_Calpulse_LV1As':
../src/echo.c:443:6: warning: unused variable 'i' [-Wunused-variable]
  u32 i;
      ^
In file included from ../src/echo.c:45:0:
../src/echo.c: In function 'Initialize_everything':
../../echo_server_bsp/microblaze_0/include/xstatus.h:65:41: warning: 'return' with a value, in function returning void
 #define XST_FAILURE                     1L
                                         ^
../src/echo.c:543:11: note: in expansion of macro 'XST_FAILURE'
    return XST_FAILURE;
           ^~~~~~~~~~~
../src/echo.c:529:6: note: declared here
 void Initialize_everything()
      ^~~~~~~~~~~~~~~~~~~~~
In file included from ../src/echo.c:45:0:
../../echo_server_bsp/microblaze_0/include/xstatus.h:64:41: warning: 'return' with a value, in function returning void
 #define XST_SUCCESS                     0L
                                         ^
../src/echo.c:629:9: note: in expansion of macro 'XST_SUCCESS'
  return XST_SUCCESS;
         ^~~~~~~~~~~
../src/echo.c:529:6: note: declared here
 void Initialize_everything()
      ^~~~~~~~~~~~~~~~~~~~~
../src/echo.c: In function 'Initialize_fifo':
../src/echo.c:765:7: warning: unused variable 'Error' [-Wunused-variable]
   int Error;
       ^~~~~
../src/echo.c:764:7: warning: unused variable 'i' [-Wunused-variable]
   int i;
       ^
../src/echo.c: In function 'RxReceive':
../src/echo.c:824:11: warning: variable 'length' set but not used [-Wunused-but-set-variable]
  unsigned length=0;
           ^~~~~~
../src/echo.c:803:6: warning: unused variable 'Status' [-Wunused-variable]
  int Status;
      ^~~~~~
../src/echo.c: In function 'XLlFifoPollingExample':
../src/echo.c:890:6: warning: variable 'Error' set but not used [-Wunused-but-set-variable]
  int Error;
      ^~~~~
../src/echo.c:889:6: warning: unused variable 'i' [-Wunused-variable]
  int i;
      ^
../src/echo.c:886:18: warning: unused variable 'Config' [-Wunused-variable]
  XLlFifo_Config *Config;
                  ^~~~~~
../src/echo.c: In function 'TxSend':
../src/echo.c:999:6: warning: unused variable 'j' [-Wunused-variable]
  u32 j;
      ^
../src/echo.c:998:6: warning: unused variable 'i' [-Wunused-variable]
  u32 i;
      ^
In file included from ../src/echo.c:45:0:
../src/echo.c: In function 'check_fifo':
../../echo_server_bsp/microblaze_0/include/xstatus.h:65:41: warning: 'return' with a value, in function returning void
 #define XST_FAILURE                     1L
                                         ^
../src/echo.c:1094:10: note: in expansion of macro 'XST_FAILURE'
   return XST_FAILURE;
          ^~~~~~~~~~~
../src/echo.c:1067:6: note: declared here
 void check_fifo(u32  *SourceAddr,u32 data_len,u8 verbose_mode)
      ^~~~~~~~~~
In file included from ../src/echo.c:45:0:
../../echo_server_bsp/microblaze_0/include/xstatus.h:64:41: warning: 'return' with a value, in function returning void
 #define XST_SUCCESS                     0L
                                         ^
../src/echo.c:1100:9: note: in expansion of macro 'XST_SUCCESS'
  return XST_SUCCESS;
         ^~~~~~~~~~~
../src/echo.c:1067:6: note: declared here
 void check_fifo(u32  *SourceAddr,u32 data_len,u8 verbose_mode)
      ^~~~~~~~~~
../src/echo.c:1070:5: warning: unused variable 'i' [-Wunused-variable]
 u32 i;
     ^
../src/echo.c: At top level:
../src/echo.c:1133:9: warning: type defaults to 'int' in declaration of 'crc_ok' [-Wimplicit-int]
 extern  crc_ok;
         ^~~~~~
../src/echo.c: In function 'HDLC_Rx':
../src/echo.c:1268:6: warning: variable 'crc_received' set but not used [-Wunused-but-set-variable]
  u16 crc_received;
      ^~~~~~~~~~~~
../src/echo.c:1267:6: warning: unused variable 'crc_calculated' [-Wunused-variable]
  u16 crc_calculated;
      ^~~~~~~~~~~~~~
../src/echo.c:1260:4: warning: unused variable 'type_id' [-Wunused-variable]
 u8 type_id=0xaa;
    ^~~~~~~
../src/echo.c:1219:5: warning: unused variable 'hdlc_control' [-Wunused-variable]
  u8 hdlc_control = 0xff;
     ^~~~~~~~~~~~
../src/echo.c:1218:5: warning: unused variable 'hdlc_address' [-Wunused-variable]
  u8 hdlc_address = 0xff;
     ^~~~~~~~~~~~
../src/echo.c: In function 'HDLC_Tx':
../src/echo.c:1779:17: warning: pointer targets in passing argument 1 of 'crc16' differ in signedness [-Wpointer-sign]
   ut1.crc=crc16(hdlc_tx, length);
                 ^~~~~~~
../src/echo.c:1181:14: note: expected 'char *' but argument is of type 'u8 * {aka unsigned char *}'
 unsigned int crc16(char *data_p, unsigned short length)
              ^~~~~
../src/echo.c:1901:26: warning: array subscript has type 'char' [-Wchar-subscripts]
    ZeroInsertion_location[j]=i+1;
                          ^
In file included from ../src/echo.c:45:0:
../../echo_server_bsp/microblaze_0/include/xstatus.h:65:41: warning: 'return' with a value, in function returning void
 #define XST_FAILURE                     1L
                                         ^
../src/echo.c:1954:11: note: in expansion of macro 'XST_FAILURE'
    return XST_FAILURE;
           ^~~~~~~~~~~
../src/echo.c:1726:6: note: declared here
 void HDLC_Tx(XLlFifo *InstancePtr,u32 register_address, u32 register_data,u8 mode,u32* SourceAddr,u8 verbose_mode)
      ^~~~~~~
../src/echo.c: In function 'ReadADC':
../src/echo.c:2004:12: warning: variable 'status' set but not used [-Wunused-but-set-variable]
  unsigned  status;
            ^~~~~~
../src/echo.c: In function 'AdjustIref':
../src/echo.c:2161:12: warning: format '%x' expects argument of type 'unsigned int', but argument 2 has type 'u32 {aka long unsigned int}' [-Wformat=]
   printf("%x ,  %f mv\r\n",register_data, imon_adc);
            ^
../src/echo.c:2177:17: warning: format '%x' expects argument of type 'unsigned int', but argument 2 has type 'u32 {aka long unsigned int}' [-Wformat=]
  printf("Iref= %x , imon= %f mv\r\n",register_data, imon_adc);
                 ^
../src/echo.c: In function 'CalibrateADC':
../src/echo.c:2228:40: warning: format '%X' expects argument of type 'unsigned int', but argument 2 has type 'u32 {aka long unsigned int}' [-Wformat=]
     printf("GBL_CFG_CTR_4 read_data = %X\r\n",read_data);
                                        ^
../src/echo.c:2245:42: warning: format '%X' expects argument of type 'unsigned int', but argument 2 has type 'u32 {aka long unsigned int}' [-Wformat=]
     printf("GBL_CFG_CTR_4 write_value = %X ,  read_value = %X, %d\r\n",register_data,read_data,register_data==read_data);
                                          ^
../src/echo.c:2245:61: warning: format '%X' expects argument of type 'unsigned int', but argument 3 has type 'u32 {aka long unsigned int}' [-Wformat=]
     printf("GBL_CFG_CTR_4 write_value = %X ,  read_value = %X, %d\r\n",register_data,read_data,register_data==read_data);
                                                             ^
../src/echo.c:2204:6: warning: unused variable 'loop' [-Wunused-variable]
   u8 loop=0;
      ^~~~
../src/echo.c:2193:18: warning: unused variable 'vmon_adc' [-Wunused-variable]
  double imon_adc,vmon_adc;
                  ^~~~~~~~
../src/echo.c:2193:9: warning: variable 'imon_adc' set but not used [-Wunused-but-set-variable]
  double imon_adc,vmon_adc;
         ^~~~~~~~
../src/echo.c:2192:12: warning: variable 'adc_1' set but not used [-Wunused-but-set-variable]
  u32 adc_0,adc_1;
            ^~~~~
../src/echo.c:2192:6: warning: variable 'adc_0' set but not used [-Wunused-but-set-variable]
  u32 adc_0,adc_1;
      ^~~~~
../src/echo.c: In function 'CalibrateCAL_DAC':
../src/echo.c:2444:25: warning: format '%d' expects argument of type 'int', but argument 2 has type 'u32 {aka long unsigned int}' [-Wformat=]
       printf("CAL_DAC= %d , GBL_CFG_CAL_0= %x , step_voltage= %fmv, base_voltage= %fmv, charge= %ffC\r\n",CAL_DAC,register_data,step_voltage*1000,base_voltage*1000,charge);
                         ^
../src/echo.c:2444:45: warning: format '%x' expects argument of type 'unsigned int', but argument 3 has type 'u32 {aka long unsigned int}' [-Wformat=]
       printf("CAL_DAC= %d , GBL_CFG_CAL_0= %x , step_voltage= %fmv, base_voltage= %fmv, charge= %ffC\r\n",CAL_DAC,register_data,step_voltage*1000,base_voltage*1000,charge);
                                             ^
../src/echo.c: In function 'Scurve':
../src/echo.c:2465:5: warning: unused variable 'p' [-Wunused-variable]
 u64 p=9;
     ^
../src/echo.c: In function 'DecodeDataPacket':
../src/echo.c:2776:5: warning: unused variable 'PKT_LEN' [-Wunused-variable]
  u8 PKT_LEN=22;
     ^~~~~~~
../src/echo.c:2774:5: warning: unused variable 'loop' [-Wunused-variable]
  u8 loop;
     ^~~~
../src/echo.c:2773:5: warning: unused variable 'Header' [-Wunused-variable]
  u8 Header;
     ^~~~~~
../src/echo.c:2771:6: warning: variable 'i' set but not used [-Wunused-but-set-variable]
  u32 i,j;
      ^
../src/echo.c: In function 'echo_application_thread':
../src/echo.c:2960:28: warning: passing argument 2 of 'sys_thread_new' from incompatible pointer type [-Wincompatible-pointer-types]
    sys_thread_new("echos", process_echo_request,
                            ^~~~~~~~~~~~~~~~~~~~
In file included from ../../echo_server_bsp/microblaze_0/include/netif/xadapter.h:46:0,
                 from ../src/echo.c:37:
../../echo_server_bsp/microblaze_0/include/lwip/sys.h:230:14: note: expected 'lwip_thread_fn {aka void (*)(void *)}' but argument is of type 'void (*)(void *, XLlFifo *) {aka void (*)(void *, struct XLlFifo *)}'
 sys_thread_t sys_thread_new(const char *name, lwip_thread_fn thread, void *arg, int stacksize, int prio);
              ^~~~~~~~~~~~~~
'Finished building: ../src/echo.c'
' '
'Building target: echo_server.elf'
'Invoking: MicroBlaze gcc linker'
mb-gcc -Wl,-T -Wl,../src/lscript.ld -L../../echo_server_bsp/microblaze_0/lib -mlittle-endian -mxl-barrel-shift -mxl-pattern-compare -mno-xl-soft-div -mcpu=v10.0 -mno-xl-soft-mul -mxl-multiply-high -mhard-float -mxl-float-convert -mxl-float-sqrt -Wl,--no-relax -Wl,--gc-sections -o "echo_server.elf"  ./src/echo.o ./src/iic_phyreset.o ./src/main.o   -Wl,--start-group,-lxil,-lfreertos,-lgcc,-lc,--end-group -Wl,--start-group,-lxil,-llwip4,-lgcc,-lc,--end-group
./src/echo.o: In function `send_sync_command':
F:\XAPP1026\KC705_AxiEth_150MHZ_64KB\HW\project_2.sdk\echo_server\Debug/../src/echo.c:1101: undefined reference to `SendReply'
collect2.exe: error: ld returned 1 exit status
make: *** [echo_server.elf] Error 1
18:37:42 **** Auto Build of configuration Debug for project echo_server ****
make all 
'Building file: ../src/echo.c'
'Invoking: MicroBlaze gcc compiler'
mb-gcc -Wall -O0 -g3 -c -fmessage-length=0 -MT"src/echo.o" -I../../echo_server_bsp/microblaze_0/include -mlittle-endian -mxl-barrel-shift -mxl-pattern-compare -mno-xl-soft-div -mcpu=v10.0 -mno-xl-soft-mul -mxl-multiply-high -mhard-float -mxl-float-convert -mxl-float-sqrt -Wl,--no-relax -ffunction-sections -fdata-sections -MMD -MP -MF"src/echo.d" -MT"src/echo.o" -o "src/echo.o" "../src/echo.c"
../src/echo.c: In function 'send_sync_command':
../src/echo.c:279:5: warning: implicit declaration of function 'usleep' [-Wimplicit-function-declaration]
     usleep(1000);usleep(1000);usleep(1000);
     ^~~~~~
../src/echo.c:248:8: warning: variable 'Error' set but not used [-Wunused-but-set-variable]
    int Error;
        ^~~~~
../src/echo.c: In function 'send_Calpulse_LV1As':
../src/echo.c:443:6: warning: unused variable 'i' [-Wunused-variable]
  u32 i;
      ^
In file included from ../src/echo.c:45:0:
../src/echo.c: In function 'Initialize_everything':
../../echo_server_bsp/microblaze_0/include/xstatus.h:65:41: warning: 'return' with a value, in function returning void
 #define XST_FAILURE                     1L
                                         ^
../src/echo.c:543:11: note: in expansion of macro 'XST_FAILURE'
    return XST_FAILURE;
           ^~~~~~~~~~~
../src/echo.c:529:6: note: declared here
 void Initialize_everything()
      ^~~~~~~~~~~~~~~~~~~~~
In file included from ../src/echo.c:45:0:
../../echo_server_bsp/microblaze_0/include/xstatus.h:64:41: warning: 'return' with a value, in function returning void
 #define XST_SUCCESS                     0L
                                         ^
../src/echo.c:629:9: note: in expansion of macro 'XST_SUCCESS'
  return XST_SUCCESS;
         ^~~~~~~~~~~
../src/echo.c:529:6: note: declared here
 void Initialize_everything()
      ^~~~~~~~~~~~~~~~~~~~~
../src/echo.c: In function 'Initialize_fifo':
../src/echo.c:765:7: warning: unused variable 'Error' [-Wunused-variable]
   int Error;
       ^~~~~
../src/echo.c:764:7: warning: unused variable 'i' [-Wunused-variable]
   int i;
       ^
../src/echo.c: In function 'RxReceive':
../src/echo.c:824:11: warning: variable 'length' set but not used [-Wunused-but-set-variable]
  unsigned length=0;
           ^~~~~~
../src/echo.c:803:6: warning: unused variable 'Status' [-Wunused-variable]
  int Status;
      ^~~~~~
../src/echo.c: In function 'XLlFifoPollingExample':
../src/echo.c:890:6: warning: variable 'Error' set but not used [-Wunused-but-set-variable]
  int Error;
      ^~~~~
../src/echo.c:889:6: warning: unused variable 'i' [-Wunused-variable]
  int i;
      ^
../src/echo.c:886:18: warning: unused variable 'Config' [-Wunused-variable]
  XLlFifo_Config *Config;
                  ^~~~~~
../src/echo.c: In function 'TxSend':
../src/echo.c:999:6: warning: unused variable 'j' [-Wunused-variable]
  u32 j;
      ^
../src/echo.c:998:6: warning: unused variable 'i' [-Wunused-variable]
  u32 i;
      ^
In file included from ../src/echo.c:45:0:
../src/echo.c: In function 'check_fifo':
../../echo_server_bsp/microblaze_0/include/xstatus.h:65:41: warning: 'return' with a value, in function returning void
 #define XST_FAILURE                     1L
                                         ^
../src/echo.c:1094:10: note: in expansion of macro 'XST_FAILURE'
   return XST_FAILURE;
          ^~~~~~~~~~~
../src/echo.c:1067:6: note: declared here
 void check_fifo(u32  *SourceAddr,u32 data_len,u8 verbose_mode)
      ^~~~~~~~~~
In file included from ../src/echo.c:45:0:
../../echo_server_bsp/microblaze_0/include/xstatus.h:64:41: warning: 'return' with a value, in function returning void
 #define XST_SUCCESS                     0L
                                         ^
../src/echo.c:1100:9: note: in expansion of macro 'XST_SUCCESS'
  return XST_SUCCESS;
         ^~~~~~~~~~~
../src/echo.c:1067:6: note: declared here
 void check_fifo(u32  *SourceAddr,u32 data_len,u8 verbose_mode)
      ^~~~~~~~~~
../src/echo.c:1070:5: warning: unused variable 'i' [-Wunused-variable]
 u32 i;
     ^
../src/echo.c: At top level:
../src/echo.c:1133:9: warning: type defaults to 'int' in declaration of 'crc_ok' [-Wimplicit-int]
 extern  crc_ok;
         ^~~~~~
../src/echo.c: In function 'HDLC_Rx':
../src/echo.c:1268:6: warning: variable 'crc_received' set but not used [-Wunused-but-set-variable]
  u16 crc_received;
      ^~~~~~~~~~~~
../src/echo.c:1267:6: warning: unused variable 'crc_calculated' [-Wunused-variable]
  u16 crc_calculated;
      ^~~~~~~~~~~~~~
../src/echo.c:1260:4: warning: unused variable 'type_id' [-Wunused-variable]
 u8 type_id=0xaa;
    ^~~~~~~
../src/echo.c:1219:5: warning: unused variable 'hdlc_control' [-Wunused-variable]
  u8 hdlc_control = 0xff;
     ^~~~~~~~~~~~
../src/echo.c:1218:5: warning: unused variable 'hdlc_address' [-Wunused-variable]
  u8 hdlc_address = 0xff;
     ^~~~~~~~~~~~
../src/echo.c: In function 'HDLC_Tx':
../src/echo.c:1779:17: warning: pointer targets in passing argument 1 of 'crc16' differ in signedness [-Wpointer-sign]
   ut1.crc=crc16(hdlc_tx, length);
                 ^~~~~~~
../src/echo.c:1181:14: note: expected 'char *' but argument is of type 'u8 * {aka unsigned char *}'
 unsigned int crc16(char *data_p, unsigned short length)
              ^~~~~
../src/echo.c:1901:26: warning: array subscript has type 'char' [-Wchar-subscripts]
    ZeroInsertion_location[j]=i+1;
                          ^
In file included from ../src/echo.c:45:0:
../../echo_server_bsp/microblaze_0/include/xstatus.h:65:41: warning: 'return' with a value, in function returning void
 #define XST_FAILURE                     1L
                                         ^
../src/echo.c:1954:11: note: in expansion of macro 'XST_FAILURE'
    return XST_FAILURE;
           ^~~~~~~~~~~
../src/echo.c:1726:6: note: declared here
 void HDLC_Tx(XLlFifo *InstancePtr,u32 register_address, u32 register_data,u8 mode,u32* SourceAddr,u8 verbose_mode)
      ^~~~~~~
../src/echo.c: In function 'ReadADC':
../src/echo.c:2004:12: warning: variable 'status' set but not used [-Wunused-but-set-variable]
  unsigned  status;
            ^~~~~~
../src/echo.c: In function 'AdjustIref':
../src/echo.c:2161:12: warning: format '%x' expects argument of type 'unsigned int', but argument 2 has type 'u32 {aka long unsigned int}' [-Wformat=]
   printf("%x ,  %f mv\r\n",register_data, imon_adc);
            ^
../src/echo.c:2177:17: warning: format '%x' expects argument of type 'unsigned int', but argument 2 has type 'u32 {aka long unsigned int}' [-Wformat=]
  printf("Iref= %x , imon= %f mv\r\n",register_data, imon_adc);
                 ^
../src/echo.c: In function 'CalibrateADC':
../src/echo.c:2228:40: warning: format '%X' expects argument of type 'unsigned int', but argument 2 has type 'u32 {aka long unsigned int}' [-Wformat=]
     printf("GBL_CFG_CTR_4 read_data = %X\r\n",read_data);
                                        ^
../src/echo.c:2245:42: warning: format '%X' expects argument of type 'unsigned int', but argument 2 has type 'u32 {aka long unsigned int}' [-Wformat=]
     printf("GBL_CFG_CTR_4 write_value = %X ,  read_value = %X, %d\r\n",register_data,read_data,register_data==read_data);
                                          ^
../src/echo.c:2245:61: warning: format '%X' expects argument of type 'unsigned int', but argument 3 has type 'u32 {aka long unsigned int}' [-Wformat=]
     printf("GBL_CFG_CTR_4 write_value = %X ,  read_value = %X, %d\r\n",register_data,read_data,register_data==read_data);
                                                             ^
../src/echo.c:2204:6: warning: unused variable 'loop' [-Wunused-variable]
   u8 loop=0;
      ^~~~
../src/echo.c:2193:18: warning: unused variable 'vmon_adc' [-Wunused-variable]
  double imon_adc,vmon_adc;
                  ^~~~~~~~
../src/echo.c:2193:9: warning: variable 'imon_adc' set but not used [-Wunused-but-set-variable]
  double imon_adc,vmon_adc;
         ^~~~~~~~
../src/echo.c:2192:12: warning: variable 'adc_1' set but not used [-Wunused-but-set-variable]
  u32 adc_0,adc_1;
            ^~~~~
../src/echo.c:2192:6: warning: variable 'adc_0' set but not used [-Wunused-but-set-variable]
  u32 adc_0,adc_1;
      ^~~~~
../src/echo.c: In function 'CalibrateCAL_DAC':
../src/echo.c:2444:25: warning: format '%d' expects argument of type 'int', but argument 2 has type 'u32 {aka long unsigned int}' [-Wformat=]
       printf("CAL_DAC= %d , GBL_CFG_CAL_0= %x , step_voltage= %fmv, base_voltage= %fmv, charge= %ffC\r\n",CAL_DAC,register_data,step_voltage*1000,base_voltage*1000,charge);
                         ^
../src/echo.c:2444:45: warning: format '%x' expects argument of type 'unsigned int', but argument 3 has type 'u32 {aka long unsigned int}' [-Wformat=]
       printf("CAL_DAC= %d , GBL_CFG_CAL_0= %x , step_voltage= %fmv, base_voltage= %fmv, charge= %ffC\r\n",CAL_DAC,register_data,step_voltage*1000,base_voltage*1000,charge);
                                             ^
../src/echo.c: In function 'Scurve':
../src/echo.c:2465:5: warning: unused variable 'p' [-Wunused-variable]
 u64 p=9;
     ^
../src/echo.c: In function 'DecodeDataPacket':
../src/echo.c:2776:5: warning: unused variable 'PKT_LEN' [-Wunused-variable]
  u8 PKT_LEN=22;
     ^~~~~~~
../src/echo.c:2774:5: warning: unused variable 'loop' [-Wunused-variable]
  u8 loop;
     ^~~~
../src/echo.c:2773:5: warning: unused variable 'Header' [-Wunused-variable]
  u8 Header;
     ^~~~~~
../src/echo.c:2771:6: warning: variable 'i' set but not used [-Wunused-but-set-variable]
  u32 i,j;
      ^
../src/echo.c: In function 'echo_application_thread':
../src/echo.c:2960:28: warning: passing argument 2 of 'sys_thread_new' from incompatible pointer type [-Wincompatible-pointer-types]
    sys_thread_new("echos", process_echo_request,
                            ^~~~~~~~~~~~~~~~~~~~
In file included from ../../echo_server_bsp/microblaze_0/include/netif/xadapter.h:46:0,
                 from ../src/echo.c:37:
../../echo_server_bsp/microblaze_0/include/lwip/sys.h:230:14: note: expected 'lwip_thread_fn {aka void (*)(void *)}' but argument is of type 'void (*)(void *, XLlFifo *) {aka void (*)(void *, struct XLlFifo *)}'
 sys_thread_t sys_thread_new(const char *name, lwip_thread_fn thread, void *arg, int stacksize, int prio);
              ^~~~~~~~~~~~~~
'Finished building: ../src/echo.c'
' '
'Building target: echo_server.elf'
'Invoking: MicroBlaze gcc linker'
mb-gcc -Wl,-T -Wl,../src/lscript.ld -L../../echo_server_bsp/microblaze_0/lib -mlittle-endian -mxl-barrel-shift -mxl-pattern-compare -mno-xl-soft-div -mcpu=v10.0 -mno-xl-soft-mul -mxl-multiply-high -mhard-float -mxl-float-convert -mxl-float-sqrt -Wl,--no-relax -Wl,--gc-sections -o "echo_server.elf"  ./src/echo.o ./src/iic_phyreset.o ./src/main.o   -Wl,--start-group,-lxil,-lfreertos,-lgcc,-lc,--end-group -Wl,--start-group,-lxil,-llwip4,-lgcc,-lc,--end-group
./src/echo.o: In function `send_sync_command':
F:\XAPP1026\KC705_AxiEth_150MHZ_64KB\HW\project_2.sdk\echo_server\Debug/../src/echo.c:1101: undefined reference to `SendReply'
collect2.exe: error: ld returned 1 exit status
make: *** [echo_server.elf] Error 1
18:37:53 **** Auto Build of configuration Debug for project echo_server ****
make all 
'Building file: ../src/echo.c'
'Invoking: MicroBlaze gcc compiler'
mb-gcc -Wall -O0 -g3 -c -fmessage-length=0 -MT"src/echo.o" -I../../echo_server_bsp/microblaze_0/include -mlittle-endian -mxl-barrel-shift -mxl-pattern-compare -mno-xl-soft-div -mcpu=v10.0 -mno-xl-soft-mul -mxl-multiply-high -mhard-float -mxl-float-convert -mxl-float-sqrt -Wl,--no-relax -ffunction-sections -fdata-sections -MMD -MP -MF"src/echo.d" -MT"src/echo.o" -o "src/echo.o" "../src/echo.c"
../src/echo.c: In function 'send_sync_command':
../src/echo.c:279:5: warning: implicit declaration of function 'usleep' [-Wimplicit-function-declaration]
     usleep(1000);usleep(1000);usleep(1000);
     ^~~~~~
../src/echo.c:248:8: warning: variable 'Error' set but not used [-Wunused-but-set-variable]
    int Error;
        ^~~~~
../src/echo.c: In function 'send_Calpulse_LV1As':
../src/echo.c:443:6: warning: unused variable 'i' [-Wunused-variable]
  u32 i;
      ^
In file included from ../src/echo.c:45:0:
../src/echo.c: In function 'Initialize_everything':
../../echo_server_bsp/microblaze_0/include/xstatus.h:65:41: warning: 'return' with a value, in function returning void
 #define XST_FAILURE                     1L
                                         ^
../src/echo.c:543:11: note: in expansion of macro 'XST_FAILURE'
    return XST_FAILURE;
           ^~~~~~~~~~~
../src/echo.c:529:6: note: declared here
 void Initialize_everything()
      ^~~~~~~~~~~~~~~~~~~~~
In file included from ../src/echo.c:45:0:
../../echo_server_bsp/microblaze_0/include/xstatus.h:64:41: warning: 'return' with a value, in function returning void
 #define XST_SUCCESS                     0L
                                         ^
../src/echo.c:629:9: note: in expansion of macro 'XST_SUCCESS'
  return XST_SUCCESS;
         ^~~~~~~~~~~
../src/echo.c:529:6: note: declared here
 void Initialize_everything()
      ^~~~~~~~~~~~~~~~~~~~~
../src/echo.c: In function 'Initialize_fifo':
../src/echo.c:765:7: warning: unused variable 'Error' [-Wunused-variable]
   int Error;
       ^~~~~
../src/echo.c:764:7: warning: unused variable 'i' [-Wunused-variable]
   int i;
       ^
../src/echo.c: In function 'RxReceive':
../src/echo.c:824:11: warning: variable 'length' set but not used [-Wunused-but-set-variable]
  unsigned length=0;
           ^~~~~~
../src/echo.c:803:6: warning: unused variable 'Status' [-Wunused-variable]
  int Status;
      ^~~~~~
../src/echo.c: In function 'XLlFifoPollingExample':
../src/echo.c:890:6: warning: variable 'Error' set but not used [-Wunused-but-set-variable]
  int Error;
      ^~~~~
../src/echo.c:889:6: warning: unused variable 'i' [-Wunused-variable]
  int i;
      ^
../src/echo.c:886:18: warning: unused variable 'Config' [-Wunused-variable]
  XLlFifo_Config *Config;
                  ^~~~~~
../src/echo.c: In function 'TxSend':
../src/echo.c:999:6: warning: unused variable 'j' [-Wunused-variable]
  u32 j;
      ^
../src/echo.c:998:6: warning: unused variable 'i' [-Wunused-variable]
  u32 i;
      ^
In file included from ../src/echo.c:45:0:
../src/echo.c: In function 'check_fifo':
../../echo_server_bsp/microblaze_0/include/xstatus.h:65:41: warning: 'return' with a value, in function returning void
 #define XST_FAILURE                     1L
                                         ^
../src/echo.c:1094:10: note: in expansion of macro 'XST_FAILURE'
   return XST_FAILURE;
          ^~~~~~~~~~~
../src/echo.c:1067:6: note: declared here
 void check_fifo(u32  *SourceAddr,u32 data_len,u8 verbose_mode)
      ^~~~~~~~~~
In file included from ../src/echo.c:45:0:
../../echo_server_bsp/microblaze_0/include/xstatus.h:64:41: warning: 'return' with a value, in function returning void
 #define XST_SUCCESS                     0L
                                         ^
../src/echo.c:1100:9: note: in expansion of macro 'XST_SUCCESS'
  return XST_SUCCESS;
         ^~~~~~~~~~~
../src/echo.c:1067:6: note: declared here
 void check_fifo(u32  *SourceAddr,u32 data_len,u8 verbose_mode)
      ^~~~~~~~~~
../src/echo.c:1070:5: warning: unused variable 'i' [-Wunused-variable]
 u32 i;
     ^
../src/echo.c: At top level:
../src/echo.c:1133:9: warning: type defaults to 'int' in declaration of 'crc_ok' [-Wimplicit-int]
 extern  crc_ok;
         ^~~~~~
../src/echo.c: In function 'HDLC_Rx':
../src/echo.c:1268:6: warning: variable 'crc_received' set but not used [-Wunused-but-set-variable]
  u16 crc_received;
      ^~~~~~~~~~~~
../src/echo.c:1267:6: warning: unused variable 'crc_calculated' [-Wunused-variable]
  u16 crc_calculated;
      ^~~~~~~~~~~~~~
../src/echo.c:1260:4: warning: unused variable 'type_id' [-Wunused-variable]
 u8 type_id=0xaa;
    ^~~~~~~
../src/echo.c:1219:5: warning: unused variable 'hdlc_control' [-Wunused-variable]
  u8 hdlc_control = 0xff;
     ^~~~~~~~~~~~
../src/echo.c:1218:5: warning: unused variable 'hdlc_address' [-Wunused-variable]
  u8 hdlc_address = 0xff;
     ^~~~~~~~~~~~
../src/echo.c: In function 'HDLC_Tx':
../src/echo.c:1779:17: warning: pointer targets in passing argument 1 of 'crc16' differ in signedness [-Wpointer-sign]
   ut1.crc=crc16(hdlc_tx, length);
                 ^~~~~~~
../src/echo.c:1181:14: note: expected 'char *' but argument is of type 'u8 * {aka unsigned char *}'
 unsigned int crc16(char *data_p, unsigned short length)
              ^~~~~
../src/echo.c:1901:26: warning: array subscript has type 'char' [-Wchar-subscripts]
    ZeroInsertion_location[j]=i+1;
                          ^
In file included from ../src/echo.c:45:0:
../../echo_server_bsp/microblaze_0/include/xstatus.h:65:41: warning: 'return' with a value, in function returning void
 #define XST_FAILURE                     1L
                                         ^
../src/echo.c:1954:11: note: in expansion of macro 'XST_FAILURE'
    return XST_FAILURE;
           ^~~~~~~~~~~
../src/echo.c:1726:6: note: declared here
 void HDLC_Tx(XLlFifo *InstancePtr,u32 register_address, u32 register_data,u8 mode,u32* SourceAddr,u8 verbose_mode)
      ^~~~~~~
../src/echo.c: In function 'ReadADC':
../src/echo.c:2004:12: warning: variable 'status' set but not used [-Wunused-but-set-variable]
  unsigned  status;
            ^~~~~~
../src/echo.c: In function 'AdjustIref':
../src/echo.c:2161:12: warning: format '%x' expects argument of type 'unsigned int', but argument 2 has type 'u32 {aka long unsigned int}' [-Wformat=]
   printf("%x ,  %f mv\r\n",register_data, imon_adc);
            ^
../src/echo.c:2177:17: warning: format '%x' expects argument of type 'unsigned int', but argument 2 has type 'u32 {aka long unsigned int}' [-Wformat=]
  printf("Iref= %x , imon= %f mv\r\n",register_data, imon_adc);
                 ^
../src/echo.c: In function 'CalibrateADC':
../src/echo.c:2228:40: warning: format '%X' expects argument of type 'unsigned int', but argument 2 has type 'u32 {aka long unsigned int}' [-Wformat=]
     printf("GBL_CFG_CTR_4 read_data = %X\r\n",read_data);
                                        ^
../src/echo.c:2245:42: warning: format '%X' expects argument of type 'unsigned int', but argument 2 has type 'u32 {aka long unsigned int}' [-Wformat=]
     printf("GBL_CFG_CTR_4 write_value = %X ,  read_value = %X, %d\r\n",register_data,read_data,register_data==read_data);
                                          ^
../src/echo.c:2245:61: warning: format '%X' expects argument of type 'unsigned int', but argument 3 has type 'u32 {aka long unsigned int}' [-Wformat=]
     printf("GBL_CFG_CTR_4 write_value = %X ,  read_value = %X, %d\r\n",register_data,read_data,register_data==read_data);
                                                             ^
../src/echo.c:2204:6: warning: unused variable 'loop' [-Wunused-variable]
   u8 loop=0;
      ^~~~
../src/echo.c:2193:18: warning: unused variable 'vmon_adc' [-Wunused-variable]
  double imon_adc,vmon_adc;
                  ^~~~~~~~
../src/echo.c:2193:9: warning: variable 'imon_adc' set but not used [-Wunused-but-set-variable]
  double imon_adc,vmon_adc;
         ^~~~~~~~
../src/echo.c:2192:12: warning: variable 'adc_1' set but not used [-Wunused-but-set-variable]
  u32 adc_0,adc_1;
            ^~~~~
../src/echo.c:2192:6: warning: variable 'adc_0' set but not used [-Wunused-but-set-variable]
  u32 adc_0,adc_1;
      ^~~~~
../src/echo.c: In function 'CalibrateCAL_DAC':
../src/echo.c:2444:25: warning: format '%d' expects argument of type 'int', but argument 2 has type 'u32 {aka long unsigned int}' [-Wformat=]
       printf("CAL_DAC= %d , GBL_CFG_CAL_0= %x , step_voltage= %fmv, base_voltage= %fmv, charge= %ffC\r\n",CAL_DAC,register_data,step_voltage*1000,base_voltage*1000,charge);
                         ^
../src/echo.c:2444:45: warning: format '%x' expects argument of type 'unsigned int', but argument 3 has type 'u32 {aka long unsigned int}' [-Wformat=]
       printf("CAL_DAC= %d , GBL_CFG_CAL_0= %x , step_voltage= %fmv, base_voltage= %fmv, charge= %ffC\r\n",CAL_DAC,register_data,step_voltage*1000,base_voltage*1000,charge);
                                             ^
../src/echo.c: In function 'Scurve':
../src/echo.c:2465:5: warning: unused variable 'p' [-Wunused-variable]
 u64 p=9;
     ^
../src/echo.c: In function 'DecodeDataPacket':
../src/echo.c:2776:5: warning: unused variable 'PKT_LEN' [-Wunused-variable]
  u8 PKT_LEN=22;
     ^~~~~~~
../src/echo.c:2774:5: warning: unused variable 'loop' [-Wunused-variable]
  u8 loop;
     ^~~~
../src/echo.c:2773:5: warning: unused variable 'Header' [-Wunused-variable]
  u8 Header;
     ^~~~~~
../src/echo.c:2771:6: warning: variable 'i' set but not used [-Wunused-but-set-variable]
  u32 i,j;
      ^
../src/echo.c: In function 'echo_application_thread':
../src/echo.c:2960:28: warning: passing argument 2 of 'sys_thread_new' from incompatible pointer type [-Wincompatible-pointer-types]
    sys_thread_new("echos", process_echo_request,
                            ^~~~~~~~~~~~~~~~~~~~
In file included from ../../echo_server_bsp/microblaze_0/include/netif/xadapter.h:46:0,
                 from ../src/echo.c:37:
../../echo_server_bsp/microblaze_0/include/lwip/sys.h:230:14: note: expected 'lwip_thread_fn {aka void (*)(void *)}' but argument is of type 'void (*)(void *, XLlFifo *) {aka void (*)(void *, struct XLlFifo *)}'
 sys_thread_t sys_thread_new(const char *name, lwip_thread_fn thread, void *arg, int stacksize, int prio);
              ^~~~~~~~~~~~~~
'Finished building: ../src/echo.c'
' '
'Building target: echo_server.elf'
'Invoking: MicroBlaze gcc linker'
mb-gcc -Wl,-T -Wl,../src/lscript.ld -L../../echo_server_bsp/microblaze_0/lib -mlittle-endian -mxl-barrel-shift -mxl-pattern-compare -mno-xl-soft-div -mcpu=v10.0 -mno-xl-soft-mul -mxl-multiply-high -mhard-float -mxl-float-convert -mxl-float-sqrt -Wl,--no-relax -Wl,--gc-sections -o "echo_server.elf"  ./src/echo.o ./src/iic_phyreset.o ./src/main.o   -Wl,--start-group,-lxil,-lfreertos,-lgcc,-lc,--end-group -Wl,--start-group,-lxil,-llwip4,-lgcc,-lc,--end-group
'Finished building target: echo_server.elf'
' '
'Invoking: MicroBlaze Print Size'
mb-size echo_server.elf  |tee "echo_server.elf.size"
   text	   data	    bss	    dec	    hex	filename
 209013	   1780	3004383	3215176	 310f48	echo_server.elf
'Finished building: echo_server.elf.size'
' '
18:41:33 **** Auto Build of configuration Debug for project echo_server ****
make all 
'Building file: ../src/echo.c'
'Invoking: MicroBlaze gcc compiler'
mb-gcc -Wall -O0 -g3 -c -fmessage-length=0 -MT"src/echo.o" -I../../echo_server_bsp/microblaze_0/include -mlittle-endian -mxl-barrel-shift -mxl-pattern-compare -mno-xl-soft-div -mcpu=v10.0 -mno-xl-soft-mul -mxl-multiply-high -mhard-float -mxl-float-convert -mxl-float-sqrt -Wl,--no-relax -ffunction-sections -fdata-sections -MMD -MP -MF"src/echo.d" -MT"src/echo.o" -o "src/echo.o" "../src/echo.c"
../src/echo.c: In function 'send_sync_command':
../src/echo.c:279:5: warning: implicit declaration of function 'usleep' [-Wimplicit-function-declaration]
     usleep(1000);usleep(1000);usleep(1000);
     ^~~~~~
../src/echo.c:248:8: warning: variable 'Error' set but not used [-Wunused-but-set-variable]
    int Error;
        ^~~~~
../src/echo.c: In function 'send_Calpulse_LV1As':
../src/echo.c:443:6: warning: unused variable 'i' [-Wunused-variable]
  u32 i;
      ^
In file included from ../src/echo.c:45:0:
../src/echo.c: In function 'Initialize_everything':
../../echo_server_bsp/microblaze_0/include/xstatus.h:65:41: warning: 'return' with a value, in function returning void
 #define XST_FAILURE                     1L
                                         ^
../src/echo.c:543:11: note: in expansion of macro 'XST_FAILURE'
    return XST_FAILURE;
           ^~~~~~~~~~~
../src/echo.c:529:6: note: declared here
 void Initialize_everything()
      ^~~~~~~~~~~~~~~~~~~~~
In file included from ../src/echo.c:45:0:
../../echo_server_bsp/microblaze_0/include/xstatus.h:64:41: warning: 'return' with a value, in function returning void
 #define XST_SUCCESS                     0L
                                         ^
../src/echo.c:629:9: note: in expansion of macro 'XST_SUCCESS'
  return XST_SUCCESS;
         ^~~~~~~~~~~
../src/echo.c:529:6: note: declared here
 void Initialize_everything()
      ^~~~~~~~~~~~~~~~~~~~~
../src/echo.c: In function 'Initialize_fifo':
../src/echo.c:765:7: warning: unused variable 'Error' [-Wunused-variable]
   int Error;
       ^~~~~
../src/echo.c:764:7: warning: unused variable 'i' [-Wunused-variable]
   int i;
       ^
../src/echo.c: In function 'RxReceive':
../src/echo.c:824:11: warning: variable 'length' set but not used [-Wunused-but-set-variable]
  unsigned length=0;
           ^~~~~~
../src/echo.c:803:6: warning: unused variable 'Status' [-Wunused-variable]
  int Status;
      ^~~~~~
../src/echo.c: In function 'XLlFifoPollingExample':
../src/echo.c:890:6: warning: variable 'Error' set but not used [-Wunused-but-set-variable]
  int Error;
      ^~~~~
../src/echo.c:889:6: warning: unused variable 'i' [-Wunused-variable]
  int i;
      ^
../src/echo.c:886:18: warning: unused variable 'Config' [-Wunused-variable]
  XLlFifo_Config *Config;
                  ^~~~~~
../src/echo.c: In function 'TxSend':
../src/echo.c:999:6: warning: unused variable 'j' [-Wunused-variable]
  u32 j;
      ^
../src/echo.c:998:6: warning: unused variable 'i' [-Wunused-variable]
  u32 i;
      ^
In file included from ../src/echo.c:45:0:
../src/echo.c: In function 'check_fifo':
../../echo_server_bsp/microblaze_0/include/xstatus.h:65:41: warning: 'return' with a value, in function returning void
 #define XST_FAILURE                     1L
                                         ^
../src/echo.c:1094:10: note: in expansion of macro 'XST_FAILURE'
   return XST_FAILURE;
          ^~~~~~~~~~~
../src/echo.c:1067:6: note: declared here
 void check_fifo(u32  *SourceAddr,u32 data_len,u8 verbose_mode)
      ^~~~~~~~~~
In file included from ../src/echo.c:45:0:
../../echo_server_bsp/microblaze_0/include/xstatus.h:64:41: warning: 'return' with a value, in function returning void
 #define XST_SUCCESS                     0L
                                         ^
../src/echo.c:1100:9: note: in expansion of macro 'XST_SUCCESS'
  return XST_SUCCESS;
         ^~~~~~~~~~~
../src/echo.c:1067:6: note: declared here
 void check_fifo(u32  *SourceAddr,u32 data_len,u8 verbose_mode)
      ^~~~~~~~~~
../src/echo.c:1070:5: warning: unused variable 'i' [-Wunused-variable]
 u32 i;
     ^
../src/echo.c: At top level:
../src/echo.c:1133:9: warning: type defaults to 'int' in declaration of 'crc_ok' [-Wimplicit-int]
 extern  crc_ok;
         ^~~~~~
../src/echo.c: In function 'HDLC_Rx':
../src/echo.c:1268:6: warning: variable 'crc_received' set but not used [-Wunused-but-set-variable]
  u16 crc_received;
      ^~~~~~~~~~~~
../src/echo.c:1267:6: warning: unused variable 'crc_calculated' [-Wunused-variable]
  u16 crc_calculated;
      ^~~~~~~~~~~~~~
../src/echo.c:1260:4: warning: unused variable 'type_id' [-Wunused-variable]
 u8 type_id=0xaa;
    ^~~~~~~
../src/echo.c:1219:5: warning: unused variable 'hdlc_control' [-Wunused-variable]
  u8 hdlc_control = 0xff;
     ^~~~~~~~~~~~
../src/echo.c:1218:5: warning: unused variable 'hdlc_address' [-Wunused-variable]
  u8 hdlc_address = 0xff;
     ^~~~~~~~~~~~
../src/echo.c: In function 'HDLC_Tx':
../src/echo.c:1779:17: warning: pointer targets in passing argument 1 of 'crc16' differ in signedness [-Wpointer-sign]
   ut1.crc=crc16(hdlc_tx, length);
                 ^~~~~~~
../src/echo.c:1181:14: note: expected 'char *' but argument is of type 'u8 * {aka unsigned char *}'
 unsigned int crc16(char *data_p, unsigned short length)
              ^~~~~
../src/echo.c:1901:26: warning: array subscript has type 'char' [-Wchar-subscripts]
    ZeroInsertion_location[j]=i+1;
                          ^
In file included from ../src/echo.c:45:0:
../../echo_server_bsp/microblaze_0/include/xstatus.h:65:41: warning: 'return' with a value, in function returning void
 #define XST_FAILURE                     1L
                                         ^
../src/echo.c:1954:11: note: in expansion of macro 'XST_FAILURE'
    return XST_FAILURE;
           ^~~~~~~~~~~
../src/echo.c:1726:6: note: declared here
 void HDLC_Tx(XLlFifo *InstancePtr,u32 register_address, u32 register_data,u8 mode,u32* SourceAddr,u8 verbose_mode)
      ^~~~~~~
../src/echo.c: In function 'ReadADC':
../src/echo.c:2004:12: warning: variable 'status' set but not used [-Wunused-but-set-variable]
  unsigned  status;
            ^~~~~~
../src/echo.c: In function 'AdjustIref':
../src/echo.c:2161:12: warning: format '%x' expects argument of type 'unsigned int', but argument 2 has type 'u32 {aka long unsigned int}' [-Wformat=]
   printf("%x ,  %f mv\r\n",register_data, imon_adc);
            ^
../src/echo.c:2177:17: warning: format '%x' expects argument of type 'unsigned int', but argument 2 has type 'u32 {aka long unsigned int}' [-Wformat=]
  printf("Iref= %x , imon= %f mv\r\n",register_data, imon_adc);
                 ^
../src/echo.c: In function 'CalibrateADC':
../src/echo.c:2228:40: warning: format '%X' expects argument of type 'unsigned int', but argument 2 has type 'u32 {aka long unsigned int}' [-Wformat=]
     printf("GBL_CFG_CTR_4 read_data = %X\r\n",read_data);
                                        ^
../src/echo.c:2245:42: warning: format '%X' expects argument of type 'unsigned int', but argument 2 has type 'u32 {aka long unsigned int}' [-Wformat=]
     printf("GBL_CFG_CTR_4 write_value = %X ,  read_value = %X, %d\r\n",register_data,read_data,register_data==read_data);
                                          ^
../src/echo.c:2245:61: warning: format '%X' expects argument of type 'unsigned int', but argument 3 has type 'u32 {aka long unsigned int}' [-Wformat=]
     printf("GBL_CFG_CTR_4 write_value = %X ,  read_value = %X, %d\r\n",register_data,read_data,register_data==read_data);
                                                             ^
../src/echo.c:2204:6: warning: unused variable 'loop' [-Wunused-variable]
   u8 loop=0;
      ^~~~
../src/echo.c:2193:18: warning: unused variable 'vmon_adc' [-Wunused-variable]
  double imon_adc,vmon_adc;
                  ^~~~~~~~
../src/echo.c:2193:9: warning: variable 'imon_adc' set but not used [-Wunused-but-set-variable]
  double imon_adc,vmon_adc;
         ^~~~~~~~
../src/echo.c:2192:12: warning: variable 'adc_1' set but not used [-Wunused-but-set-variable]
  u32 adc_0,adc_1;
            ^~~~~
../src/echo.c:2192:6: warning: variable 'adc_0' set but not used [-Wunused-but-set-variable]
  u32 adc_0,adc_1;
      ^~~~~
../src/echo.c: In function 'CalibrateCAL_DAC':
../src/echo.c:2444:25: warning: format '%d' expects argument of type 'int', but argument 2 has type 'u32 {aka long unsigned int}' [-Wformat=]
       printf("CAL_DAC= %d , GBL_CFG_CAL_0= %x , step_voltage= %fmv, base_voltage= %fmv, charge= %ffC\r\n",CAL_DAC,register_data,step_voltage*1000,base_voltage*1000,charge);
                         ^
../src/echo.c:2444:45: warning: format '%x' expects argument of type 'unsigned int', but argument 3 has type 'u32 {aka long unsigned int}' [-Wformat=]
       printf("CAL_DAC= %d , GBL_CFG_CAL_0= %x , step_voltage= %fmv, base_voltage= %fmv, charge= %ffC\r\n",CAL_DAC,register_data,step_voltage*1000,base_voltage*1000,charge);
                                             ^
../src/echo.c: In function 'Scurve':
../src/echo.c:2465:5: warning: unused variable 'p' [-Wunused-variable]
 u64 p=9;
     ^
../src/echo.c: In function 'DecodeDataPacket':
../src/echo.c:2776:5: warning: unused variable 'PKT_LEN' [-Wunused-variable]
  u8 PKT_LEN=22;
     ^~~~~~~
../src/echo.c:2774:5: warning: unused variable 'loop' [-Wunused-variable]
  u8 loop;
     ^~~~
../src/echo.c:2773:5: warning: unused variable 'Header' [-Wunused-variable]
  u8 Header;
     ^~~~~~
../src/echo.c:2771:6: warning: variable 'i' set but not used [-Wunused-but-set-variable]
  u32 i,j;
      ^
../src/echo.c: In function 'SendReply':
../src/echo.c:2877:5: error: break statement not within loop or switch
     break;
     ^~~~~
../src/echo.c: In function 'echo_application_thread':
../src/echo.c:2969:28: warning: passing argument 2 of 'sys_thread_new' from incompatible pointer type [-Wincompatible-pointer-types]
    sys_thread_new("echos", process_echo_request,
                            ^~~~~~~~~~~~~~~~~~~~
In file included from ../../echo_server_bsp/microblaze_0/include/netif/xadapter.h:46:0,
                 from ../src/echo.c:37:
../../echo_server_bsp/microblaze_0/include/lwip/sys.h:230:14: note: expected 'lwip_thread_fn {aka void (*)(void *)}' but argument is of type 'void (*)(void *, XLlFifo *) {aka void (*)(void *, struct XLlFifo *)}'
 sys_thread_t sys_thread_new(const char *name, lwip_thread_fn thread, void *arg, int stacksize, int prio);
              ^~~~~~~~~~~~~~
make: *** [src/echo.o] Error 1
18:42:29 **** Auto Build of configuration Debug for project echo_server ****
make all 
'Building file: ../src/echo.c'
'Invoking: MicroBlaze gcc compiler'
mb-gcc -Wall -O0 -g3 -c -fmessage-length=0 -MT"src/echo.o" -I../../echo_server_bsp/microblaze_0/include -mlittle-endian -mxl-barrel-shift -mxl-pattern-compare -mno-xl-soft-div -mcpu=v10.0 -mno-xl-soft-mul -mxl-multiply-high -mhard-float -mxl-float-convert -mxl-float-sqrt -Wl,--no-relax -ffunction-sections -fdata-sections -MMD -MP -MF"src/echo.d" -MT"src/echo.o" -o "src/echo.o" "../src/echo.c"
../src/echo.c: In function 'send_sync_command':
../src/echo.c:279:5: warning: implicit declaration of function 'usleep' [-Wimplicit-function-declaration]
     usleep(1000);usleep(1000);usleep(1000);
     ^~~~~~
../src/echo.c:248:8: warning: variable 'Error' set but not used [-Wunused-but-set-variable]
    int Error;
        ^~~~~
../src/echo.c: In function 'send_Calpulse_LV1As':
../src/echo.c:443:6: warning: unused variable 'i' [-Wunused-variable]
  u32 i;
      ^
In file included from ../src/echo.c:45:0:
../src/echo.c: In function 'Initialize_everything':
../../echo_server_bsp/microblaze_0/include/xstatus.h:65:41: warning: 'return' with a value, in function returning void
 #define XST_FAILURE                     1L
                                         ^
../src/echo.c:543:11: note: in expansion of macro 'XST_FAILURE'
    return XST_FAILURE;
           ^~~~~~~~~~~
../src/echo.c:529:6: note: declared here
 void Initialize_everything()
      ^~~~~~~~~~~~~~~~~~~~~
In file included from ../src/echo.c:45:0:
../../echo_server_bsp/microblaze_0/include/xstatus.h:64:41: warning: 'return' with a value, in function returning void
 #define XST_SUCCESS                     0L
                                         ^
../src/echo.c:629:9: note: in expansion of macro 'XST_SUCCESS'
  return XST_SUCCESS;
         ^~~~~~~~~~~
../src/echo.c:529:6: note: declared here
 void Initialize_everything()
      ^~~~~~~~~~~~~~~~~~~~~
../src/echo.c: In function 'Initialize_fifo':
../src/echo.c:765:7: warning: unused variable 'Error' [-Wunused-variable]
   int Error;
       ^~~~~
../src/echo.c:764:7: warning: unused variable 'i' [-Wunused-variable]
   int i;
       ^
../src/echo.c: In function 'RxReceive':
../src/echo.c:824:11: warning: variable 'length' set but not used [-Wunused-but-set-variable]
  unsigned length=0;
           ^~~~~~
../src/echo.c:803:6: warning: unused variable 'Status' [-Wunused-variable]
  int Status;
      ^~~~~~
../src/echo.c: In function 'XLlFifoPollingExample':
../src/echo.c:890:6: warning: variable 'Error' set but not used [-Wunused-but-set-variable]
  int Error;
      ^~~~~
../src/echo.c:889:6: warning: unused variable 'i' [-Wunused-variable]
  int i;
      ^
../src/echo.c:886:18: warning: unused variable 'Config' [-Wunused-variable]
  XLlFifo_Config *Config;
                  ^~~~~~
../src/echo.c: In function 'TxSend':
../src/echo.c:999:6: warning: unused variable 'j' [-Wunused-variable]
  u32 j;
      ^
../src/echo.c:998:6: warning: unused variable 'i' [-Wunused-variable]
  u32 i;
      ^
In file included from ../src/echo.c:45:0:
../src/echo.c: In function 'check_fifo':
../../echo_server_bsp/microblaze_0/include/xstatus.h:65:41: warning: 'return' with a value, in function returning void
 #define XST_FAILURE                     1L
                                         ^
../src/echo.c:1094:10: note: in expansion of macro 'XST_FAILURE'
   return XST_FAILURE;
          ^~~~~~~~~~~
../src/echo.c:1067:6: note: declared here
 void check_fifo(u32  *SourceAddr,u32 data_len,u8 verbose_mode)
      ^~~~~~~~~~
In file included from ../src/echo.c:45:0:
../../echo_server_bsp/microblaze_0/include/xstatus.h:64:41: warning: 'return' with a value, in function returning void
 #define XST_SUCCESS                     0L
                                         ^
../src/echo.c:1100:9: note: in expansion of macro 'XST_SUCCESS'
  return XST_SUCCESS;
         ^~~~~~~~~~~
../src/echo.c:1067:6: note: declared here
 void check_fifo(u32  *SourceAddr,u32 data_len,u8 verbose_mode)
      ^~~~~~~~~~
../src/echo.c:1070:5: warning: unused variable 'i' [-Wunused-variable]
 u32 i;
     ^
../src/echo.c: At top level:
../src/echo.c:1133:9: warning: type defaults to 'int' in declaration of 'crc_ok' [-Wimplicit-int]
 extern  crc_ok;
         ^~~~~~
../src/echo.c: In function 'HDLC_Rx':
../src/echo.c:1268:6: warning: variable 'crc_received' set but not used [-Wunused-but-set-variable]
  u16 crc_received;
      ^~~~~~~~~~~~
../src/echo.c:1267:6: warning: unused variable 'crc_calculated' [-Wunused-variable]
  u16 crc_calculated;
      ^~~~~~~~~~~~~~
../src/echo.c:1260:4: warning: unused variable 'type_id' [-Wunused-variable]
 u8 type_id=0xaa;
    ^~~~~~~
../src/echo.c:1219:5: warning: unused variable 'hdlc_control' [-Wunused-variable]
  u8 hdlc_control = 0xff;
     ^~~~~~~~~~~~
../src/echo.c:1218:5: warning: unused variable 'hdlc_address' [-Wunused-variable]
  u8 hdlc_address = 0xff;
     ^~~~~~~~~~~~
../src/echo.c: In function 'HDLC_Tx':
../src/echo.c:1779:17: warning: pointer targets in passing argument 1 of 'crc16' differ in signedness [-Wpointer-sign]
   ut1.crc=crc16(hdlc_tx, length);
                 ^~~~~~~
../src/echo.c:1181:14: note: expected 'char *' but argument is of type 'u8 * {aka unsigned char *}'
 unsigned int crc16(char *data_p, unsigned short length)
              ^~~~~
../src/echo.c:1901:26: warning: array subscript has type 'char' [-Wchar-subscripts]
    ZeroInsertion_location[j]=i+1;
                          ^
In file included from ../src/echo.c:45:0:
../../echo_server_bsp/microblaze_0/include/xstatus.h:65:41: warning: 'return' with a value, in function returning void
 #define XST_FAILURE                     1L
                                         ^
../src/echo.c:1954:11: note: in expansion of macro 'XST_FAILURE'
    return XST_FAILURE;
           ^~~~~~~~~~~
../src/echo.c:1726:6: note: declared here
 void HDLC_Tx(XLlFifo *InstancePtr,u32 register_address, u32 register_data,u8 mode,u32* SourceAddr,u8 verbose_mode)
      ^~~~~~~
../src/echo.c: In function 'ReadADC':
../src/echo.c:2004:12: warning: variable 'status' set but not used [-Wunused-but-set-variable]
  unsigned  status;
            ^~~~~~
../src/echo.c: In function 'AdjustIref':
../src/echo.c:2161:12: warning: format '%x' expects argument of type 'unsigned int', but argument 2 has type 'u32 {aka long unsigned int}' [-Wformat=]
   printf("%x ,  %f mv\r\n",register_data, imon_adc);
            ^
../src/echo.c:2177:17: warning: format '%x' expects argument of type 'unsigned int', but argument 2 has type 'u32 {aka long unsigned int}' [-Wformat=]
  printf("Iref= %x , imon= %f mv\r\n",register_data, imon_adc);
                 ^
../src/echo.c: In function 'CalibrateADC':
../src/echo.c:2228:40: warning: format '%X' expects argument of type 'unsigned int', but argument 2 has type 'u32 {aka long unsigned int}' [-Wformat=]
     printf("GBL_CFG_CTR_4 read_data = %X\r\n",read_data);
                                        ^
../src/echo.c:2245:42: warning: format '%X' expects argument of type 'unsigned int', but argument 2 has type 'u32 {aka long unsigned int}' [-Wformat=]
     printf("GBL_CFG_CTR_4 write_value = %X ,  read_value = %X, %d\r\n",register_data,read_data,register_data==read_data);
                                          ^
../src/echo.c:2245:61: warning: format '%X' expects argument of type 'unsigned int', but argument 3 has type 'u32 {aka long unsigned int}' [-Wformat=]
     printf("GBL_CFG_CTR_4 write_value = %X ,  read_value = %X, %d\r\n",register_data,read_data,register_data==read_data);
                                                             ^
../src/echo.c:2204:6: warning: unused variable 'loop' [-Wunused-variable]
   u8 loop=0;
      ^~~~
../src/echo.c:2193:18: warning: unused variable 'vmon_adc' [-Wunused-variable]
  double imon_adc,vmon_adc;
                  ^~~~~~~~
../src/echo.c:2193:9: warning: variable 'imon_adc' set but not used [-Wunused-but-set-variable]
  double imon_adc,vmon_adc;
         ^~~~~~~~
../src/echo.c:2192:12: warning: variable 'adc_1' set but not used [-Wunused-but-set-variable]
  u32 adc_0,adc_1;
            ^~~~~
../src/echo.c:2192:6: warning: variable 'adc_0' set but not used [-Wunused-but-set-variable]
  u32 adc_0,adc_1;
      ^~~~~
../src/echo.c: In function 'CalibrateCAL_DAC':
../src/echo.c:2444:25: warning: format '%d' expects argument of type 'int', but argument 2 has type 'u32 {aka long unsigned int}' [-Wformat=]
       printf("CAL_DAC= %d , GBL_CFG_CAL_0= %x , step_voltage= %fmv, base_voltage= %fmv, charge= %ffC\r\n",CAL_DAC,register_data,step_voltage*1000,base_voltage*1000,charge);
                         ^
../src/echo.c:2444:45: warning: format '%x' expects argument of type 'unsigned int', but argument 3 has type 'u32 {aka long unsigned int}' [-Wformat=]
       printf("CAL_DAC= %d , GBL_CFG_CAL_0= %x , step_voltage= %fmv, base_voltage= %fmv, charge= %ffC\r\n",CAL_DAC,register_data,step_voltage*1000,base_voltage*1000,charge);
                                             ^
../src/echo.c: In function 'Scurve':
../src/echo.c:2465:5: warning: unused variable 'p' [-Wunused-variable]
 u64 p=9;
     ^
../src/echo.c: In function 'DecodeDataPacket':
../src/echo.c:2776:5: warning: unused variable 'PKT_LEN' [-Wunused-variable]
  u8 PKT_LEN=22;
     ^~~~~~~
../src/echo.c:2774:5: warning: unused variable 'loop' [-Wunused-variable]
  u8 loop;
     ^~~~
../src/echo.c:2773:5: warning: unused variable 'Header' [-Wunused-variable]
  u8 Header;
     ^~~~~~
../src/echo.c:2771:6: warning: variable 'i' set but not used [-Wunused-but-set-variable]
  u32 i,j;
      ^
../src/echo.c: In function 'echo_application_thread':
../src/echo.c:2969:28: warning: passing argument 2 of 'sys_thread_new' from incompatible pointer type [-Wincompatible-pointer-types]
    sys_thread_new("echos", process_echo_request,
                            ^~~~~~~~~~~~~~~~~~~~
In file included from ../../echo_server_bsp/microblaze_0/include/netif/xadapter.h:46:0,
                 from ../src/echo.c:37:
../../echo_server_bsp/microblaze_0/include/lwip/sys.h:230:14: note: expected 'lwip_thread_fn {aka void (*)(void *)}' but argument is of type 'void (*)(void *, XLlFifo *) {aka void (*)(void *, struct XLlFifo *)}'
 sys_thread_t sys_thread_new(const char *name, lwip_thread_fn thread, void *arg, int stacksize, int prio);
              ^~~~~~~~~~~~~~
'Finished building: ../src/echo.c'
' '
'Building target: echo_server.elf'
'Invoking: MicroBlaze gcc linker'
mb-gcc -Wl,-T -Wl,../src/lscript.ld -L../../echo_server_bsp/microblaze_0/lib -mlittle-endian -mxl-barrel-shift -mxl-pattern-compare -mno-xl-soft-div -mcpu=v10.0 -mno-xl-soft-mul -mxl-multiply-high -mhard-float -mxl-float-convert -mxl-float-sqrt -Wl,--no-relax -Wl,--gc-sections -o "echo_server.elf"  ./src/echo.o ./src/iic_phyreset.o ./src/main.o   -Wl,--start-group,-lxil,-lfreertos,-lgcc,-lc,--end-group -Wl,--start-group,-lxil,-llwip4,-lgcc,-lc,--end-group
'Finished building target: echo_server.elf'
' '
'Invoking: MicroBlaze Print Size'
mb-size echo_server.elf  |tee "echo_server.elf.size"
   text	   data	    bss	    dec	    hex	filename
 209229	   1780	3004383	3215392	 311020	echo_server.elf
'Finished building: echo_server.elf.size'
' '
18:44:37 **** Auto Build of configuration Debug for project echo_server ****
make all 
'Building file: ../src/echo.c'
'Invoking: MicroBlaze gcc compiler'
mb-gcc -Wall -O0 -g3 -c -fmessage-length=0 -MT"src/echo.o" -I../../echo_server_bsp/microblaze_0/include -mlittle-endian -mxl-barrel-shift -mxl-pattern-compare -mno-xl-soft-div -mcpu=v10.0 -mno-xl-soft-mul -mxl-multiply-high -mhard-float -mxl-float-convert -mxl-float-sqrt -Wl,--no-relax -ffunction-sections -fdata-sections -MMD -MP -MF"src/echo.d" -MT"src/echo.o" -o "src/echo.o" "../src/echo.c"
../src/echo.c: In function 'send_sync_command':
../src/echo.c:279:5: warning: implicit declaration of function 'usleep' [-Wimplicit-function-declaration]
     usleep(1000);usleep(1000);usleep(1000);
     ^~~~~~
../src/echo.c:248:8: warning: variable 'Error' set but not used [-Wunused-but-set-variable]
    int Error;
        ^~~~~
../src/echo.c: In function 'send_Calpulse_LV1As':
../src/echo.c:443:6: warning: unused variable 'i' [-Wunused-variable]
  u32 i;
      ^
In file included from ../src/echo.c:45:0:
../src/echo.c: In function 'Initialize_everything':
../../echo_server_bsp/microblaze_0/include/xstatus.h:65:41: warning: 'return' with a value, in function returning void
 #define XST_FAILURE                     1L
                                         ^
../src/echo.c:543:11: note: in expansion of macro 'XST_FAILURE'
    return XST_FAILURE;
           ^~~~~~~~~~~
../src/echo.c:529:6: note: declared here
 void Initialize_everything()
      ^~~~~~~~~~~~~~~~~~~~~
In file included from ../src/echo.c:45:0:
../../echo_server_bsp/microblaze_0/include/xstatus.h:64:41: warning: 'return' with a value, in function returning void
 #define XST_SUCCESS                     0L
                                         ^
../src/echo.c:629:9: note: in expansion of macro 'XST_SUCCESS'
  return XST_SUCCESS;
         ^~~~~~~~~~~
../src/echo.c:529:6: note: declared here
 void Initialize_everything()
      ^~~~~~~~~~~~~~~~~~~~~
../src/echo.c: In function 'Initialize_fifo':
../src/echo.c:765:7: warning: unused variable 'Error' [-Wunused-variable]
   int Error;
       ^~~~~
../src/echo.c:764:7: warning: unused variable 'i' [-Wunused-variable]
   int i;
       ^
../src/echo.c: In function 'RxReceive':
../src/echo.c:824:11: warning: variable 'length' set but not used [-Wunused-but-set-variable]
  unsigned length=0;
           ^~~~~~
../src/echo.c:803:6: warning: unused variable 'Status' [-Wunused-variable]
  int Status;
      ^~~~~~
../src/echo.c: In function 'XLlFifoPollingExample':
../src/echo.c:890:6: warning: variable 'Error' set but not used [-Wunused-but-set-variable]
  int Error;
      ^~~~~
../src/echo.c:889:6: warning: unused variable 'i' [-Wunused-variable]
  int i;
      ^
../src/echo.c:886:18: warning: unused variable 'Config' [-Wunused-variable]
  XLlFifo_Config *Config;
                  ^~~~~~
../src/echo.c: In function 'TxSend':
../src/echo.c:999:6: warning: unused variable 'j' [-Wunused-variable]
  u32 j;
      ^
../src/echo.c:998:6: warning: unused variable 'i' [-Wunused-variable]
  u32 i;
      ^
In file included from ../src/echo.c:45:0:
../src/echo.c: In function 'check_fifo':
../../echo_server_bsp/microblaze_0/include/xstatus.h:65:41: warning: 'return' with a value, in function returning void
 #define XST_FAILURE                     1L
                                         ^
../src/echo.c:1094:10: note: in expansion of macro 'XST_FAILURE'
   return XST_FAILURE;
          ^~~~~~~~~~~
../src/echo.c:1067:6: note: declared here
 void check_fifo(u32  *SourceAddr,u32 data_len,u8 verbose_mode)
      ^~~~~~~~~~
In file included from ../src/echo.c:45:0:
../../echo_server_bsp/microblaze_0/include/xstatus.h:64:41: warning: 'return' with a value, in function returning void
 #define XST_SUCCESS                     0L
                                         ^
../src/echo.c:1100:9: note: in expansion of macro 'XST_SUCCESS'
  return XST_SUCCESS;
         ^~~~~~~~~~~
../src/echo.c:1067:6: note: declared here
 void check_fifo(u32  *SourceAddr,u32 data_len,u8 verbose_mode)
      ^~~~~~~~~~
../src/echo.c:1070:5: warning: unused variable 'i' [-Wunused-variable]
 u32 i;
     ^
../src/echo.c: At top level:
../src/echo.c:1133:9: warning: type defaults to 'int' in declaration of 'crc_ok' [-Wimplicit-int]
 extern  crc_ok;
         ^~~~~~
../src/echo.c: In function 'HDLC_Rx':
../src/echo.c:1268:6: warning: variable 'crc_received' set but not used [-Wunused-but-set-variable]
  u16 crc_received;
      ^~~~~~~~~~~~
../src/echo.c:1267:6: warning: unused variable 'crc_calculated' [-Wunused-variable]
  u16 crc_calculated;
      ^~~~~~~~~~~~~~
../src/echo.c:1260:4: warning: unused variable 'type_id' [-Wunused-variable]
 u8 type_id=0xaa;
    ^~~~~~~
../src/echo.c:1219:5: warning: unused variable 'hdlc_control' [-Wunused-variable]
  u8 hdlc_control = 0xff;
     ^~~~~~~~~~~~
../src/echo.c:1218:5: warning: unused variable 'hdlc_address' [-Wunused-variable]
  u8 hdlc_address = 0xff;
     ^~~~~~~~~~~~
../src/echo.c: In function 'HDLC_Tx':
../src/echo.c:1779:17: warning: pointer targets in passing argument 1 of 'crc16' differ in signedness [-Wpointer-sign]
   ut1.crc=crc16(hdlc_tx, length);
                 ^~~~~~~
../src/echo.c:1181:14: note: expected 'char *' but argument is of type 'u8 * {aka unsigned char *}'
 unsigned int crc16(char *data_p, unsigned short length)
              ^~~~~
../src/echo.c:1901:26: warning: array subscript has type 'char' [-Wchar-subscripts]
    ZeroInsertion_location[j]=i+1;
                          ^
In file included from ../src/echo.c:45:0:
../../echo_server_bsp/microblaze_0/include/xstatus.h:65:41: warning: 'return' with a value, in function returning void
 #define XST_FAILURE                     1L
                                         ^
../src/echo.c:1954:11: note: in expansion of macro 'XST_FAILURE'
    return XST_FAILURE;
           ^~~~~~~~~~~
../src/echo.c:1726:6: note: declared here
 void HDLC_Tx(XLlFifo *InstancePtr,u32 register_address, u32 register_data,u8 mode,u32* SourceAddr,u8 verbose_mode)
      ^~~~~~~
../src/echo.c: In function 'ReadADC':
../src/echo.c:2004:12: warning: variable 'status' set but not used [-Wunused-but-set-variable]
  unsigned  status;
            ^~~~~~
../src/echo.c: In function 'AdjustIref':
../src/echo.c:2161:12: warning: format '%x' expects argument of type 'unsigned int', but argument 2 has type 'u32 {aka long unsigned int}' [-Wformat=]
   printf("%x ,  %f mv\r\n",register_data, imon_adc);
            ^
../src/echo.c:2177:17: warning: format '%x' expects argument of type 'unsigned int', but argument 2 has type 'u32 {aka long unsigned int}' [-Wformat=]
  printf("Iref= %x , imon= %f mv\r\n",register_data, imon_adc);
                 ^
../src/echo.c: In function 'CalibrateADC':
../src/echo.c:2228:40: warning: format '%X' expects argument of type 'unsigned int', but argument 2 has type 'u32 {aka long unsigned int}' [-Wformat=]
     printf("GBL_CFG_CTR_4 read_data = %X\r\n",read_data);
                                        ^
../src/echo.c:2245:42: warning: format '%X' expects argument of type 'unsigned int', but argument 2 has type 'u32 {aka long unsigned int}' [-Wformat=]
     printf("GBL_CFG_CTR_4 write_value = %X ,  read_value = %X, %d\r\n",register_data,read_data,register_data==read_data);
                                          ^
../src/echo.c:2245:61: warning: format '%X' expects argument of type 'unsigned int', but argument 3 has type 'u32 {aka long unsigned int}' [-Wformat=]
     printf("GBL_CFG_CTR_4 write_value = %X ,  read_value = %X, %d\r\n",register_data,read_data,register_data==read_data);
                                                             ^
../src/echo.c:2204:6: warning: unused variable 'loop' [-Wunused-variable]
   u8 loop=0;
      ^~~~
../src/echo.c:2193:18: warning: unused variable 'vmon_adc' [-Wunused-variable]
  double imon_adc,vmon_adc;
                  ^~~~~~~~
../src/echo.c:2193:9: warning: variable 'imon_adc' set but not used [-Wunused-but-set-variable]
  double imon_adc,vmon_adc;
         ^~~~~~~~
../src/echo.c:2192:12: warning: variable 'adc_1' set but not used [-Wunused-but-set-variable]
  u32 adc_0,adc_1;
            ^~~~~
../src/echo.c:2192:6: warning: variable 'adc_0' set but not used [-Wunused-but-set-variable]
  u32 adc_0,adc_1;
      ^~~~~
../src/echo.c: In function 'CalibrateCAL_DAC':
../src/echo.c:2444:25: warning: format '%d' expects argument of type 'int', but argument 2 has type 'u32 {aka long unsigned int}' [-Wformat=]
       printf("CAL_DAC= %d , GBL_CFG_CAL_0= %x , step_voltage= %fmv, base_voltage= %fmv, charge= %ffC\r\n",CAL_DAC,register_data,step_voltage*1000,base_voltage*1000,charge);
                         ^
../src/echo.c:2444:45: warning: format '%x' expects argument of type 'unsigned int', but argument 3 has type 'u32 {aka long unsigned int}' [-Wformat=]
       printf("CAL_DAC= %d , GBL_CFG_CAL_0= %x , step_voltage= %fmv, base_voltage= %fmv, charge= %ffC\r\n",CAL_DAC,register_data,step_voltage*1000,base_voltage*1000,charge);
                                             ^
../src/echo.c: In function 'Scurve':
../src/echo.c:2465:5: warning: unused variable 'p' [-Wunused-variable]
 u64 p=9;
     ^
../src/echo.c: In function 'DecodeDataPacket':
../src/echo.c:2776:5: warning: unused variable 'PKT_LEN' [-Wunused-variable]
  u8 PKT_LEN=22;
     ^~~~~~~
../src/echo.c:2774:5: warning: unused variable 'loop' [-Wunused-variable]
  u8 loop;
     ^~~~
../src/echo.c:2773:5: warning: unused variable 'Header' [-Wunused-variable]
  u8 Header;
     ^~~~~~
../src/echo.c:2771:6: warning: variable 'i' set but not used [-Wunused-but-set-variable]
  u32 i,j;
      ^
../src/echo.c: In function 'echo_application_thread':
../src/echo.c:2969:28: warning: passing argument 2 of 'sys_thread_new' from incompatible pointer type [-Wincompatible-pointer-types]
    sys_thread_new("echos", process_echo_request,
                            ^~~~~~~~~~~~~~~~~~~~
In file included from ../../echo_server_bsp/microblaze_0/include/netif/xadapter.h:46:0,
                 from ../src/echo.c:37:
../../echo_server_bsp/microblaze_0/include/lwip/sys.h:230:14: note: expected 'lwip_thread_fn {aka void (*)(void *)}' but argument is of type 'void (*)(void *, XLlFifo *) {aka void (*)(void *, struct XLlFifo *)}'
 sys_thread_t sys_thread_new(const char *name, lwip_thread_fn thread, void *arg, int stacksize, int prio);
              ^~~~~~~~~~~~~~
'Finished building: ../src/echo.c'
' '
'Building target: echo_server.elf'
'Invoking: MicroBlaze gcc linker'
[...]
              ^~~~~
../src/echo.c:1909:26: warning: array subscript has type 'char' [-Wchar-subscripts]
    ZeroInsertion_location[j]=i+1;
                          ^
In file included from ../src/echo.c:45:0:
../../echo_server_bsp/microblaze_0/include/xstatus.h:65:41: warning: 'return' with a value, in function returning void
 #define XST_FAILURE                     1L
                                         ^
../src/echo.c:1962:11: note: in expansion of macro 'XST_FAILURE'
    return XST_FAILURE;
           ^~~~~~~~~~~
../src/echo.c:1734:6: note: declared here
 void HDLC_Tx(XLlFifo *InstancePtr,u32 register_address, u32 register_data,u8 mode,u32* SourceAddr,u8 verbose_mode)
      ^~~~~~~
../src/echo.c: In function 'ReadADC':
../src/echo.c:2013:12: warning: variable 'status' set but not used [-Wunused-but-set-variable]
  unsigned  status;
            ^~~~~~
../src/echo.c: In function 'AdjustIref':
../src/echo.c:2170:12: warning: format '%x' expects argument of type 'unsigned int', but argument 2 has type 'u32 {aka long unsigned int}' [-Wformat=]
   printf("%x ,  %f mv\r\n",register_data, imon_adc);
            ^
../src/echo.c:2186:17: warning: format '%x' expects argument of type 'unsigned int', but argument 2 has type 'u32 {aka long unsigned int}' [-Wformat=]
  printf("Iref= %x , imon= %f mv\r\n",register_data, imon_adc);
                 ^
../src/echo.c: In function 'CalibrateADC':
../src/echo.c:2237:40: warning: format '%X' expects argument of type 'unsigned int', but argument 2 has type 'u32 {aka long unsigned int}' [-Wformat=]
     printf("GBL_CFG_CTR_4 read_data = %X\r\n",read_data);
                                        ^
../src/echo.c:2254:42: warning: format '%X' expects argument of type 'unsigned int', but argument 2 has type 'u32 {aka long unsigned int}' [-Wformat=]
     printf("GBL_CFG_CTR_4 write_value = %X ,  read_value = %X, %d\r\n",register_data,read_data,register_data==read_data);
                                          ^
../src/echo.c:2254:61: warning: format '%X' expects argument of type 'unsigned int', but argument 3 has type 'u32 {aka long unsigned int}' [-Wformat=]
     printf("GBL_CFG_CTR_4 write_value = %X ,  read_value = %X, %d\r\n",register_data,read_data,register_data==read_data);
                                                             ^
../src/echo.c:2213:6: warning: unused variable 'loop' [-Wunused-variable]
   u8 loop=0;
      ^~~~
../src/echo.c:2202:18: warning: unused variable 'vmon_adc' [-Wunused-variable]
  double imon_adc,vmon_adc;
                  ^~~~~~~~
../src/echo.c:2202:9: warning: variable 'imon_adc' set but not used [-Wunused-but-set-variable]
  double imon_adc,vmon_adc;
         ^~~~~~~~
../src/echo.c:2201:12: warning: variable 'adc_1' set but not used [-Wunused-but-set-variable]
  u32 adc_0,adc_1;
            ^~~~~
../src/echo.c:2201:6: warning: variable 'adc_0' set but not used [-Wunused-but-set-variable]
  u32 adc_0,adc_1;
      ^~~~~
../src/echo.c: In function 'CalibrateCAL_DAC':
../src/echo.c:2453:25: warning: format '%d' expects argument of type 'int', but argument 2 has type 'u32 {aka long unsigned int}' [-Wformat=]
       printf("CAL_DAC= %d , GBL_CFG_CAL_0= %x , step_voltage= %fmv, base_voltage= %fmv, charge= %ffC\r\n",CAL_DAC,register_data,step_voltage*1000,base_voltage*1000,charge);
                         ^
../src/echo.c:2453:45: warning: format '%x' expects argument of type 'unsigned int', but argument 3 has type 'u32 {aka long unsigned int}' [-Wformat=]
       printf("CAL_DAC= %d , GBL_CFG_CAL_0= %x , step_voltage= %fmv, base_voltage= %fmv, charge= %ffC\r\n",CAL_DAC,register_data,step_voltage*1000,base_voltage*1000,charge);
                                             ^
../src/echo.c: In function 'Scurve':
../src/echo.c:2474:5: warning: unused variable 'p' [-Wunused-variable]
 u64 p=9;
     ^
../src/echo.c: In function 'DecodeDataPacket':
../src/echo.c:2785:5: warning: unused variable 'PKT_LEN' [-Wunused-variable]
  u8 PKT_LEN=22;
     ^~~~~~~
../src/echo.c:2783:5: warning: unused variable 'loop' [-Wunused-variable]
  u8 loop;
     ^~~~
../src/echo.c:2782:5: warning: unused variable 'Header' [-Wunused-variable]
  u8 Header;
     ^~~~~~
../src/echo.c:2780:6: warning: variable 'i' set but not used [-Wunused-but-set-variable]
  u32 i,j;
      ^
../src/echo.c: In function 'echo_application_thread':
../src/echo.c:2978:28: warning: passing argument 2 of 'sys_thread_new' from incompatible pointer type [-Wincompatible-pointer-types]
    sys_thread_new("echos", process_echo_request,
                            ^~~~~~~~~~~~~~~~~~~~
In file included from ../../echo_server_bsp/microblaze_0/include/netif/xadapter.h:46:0,
                 from ../src/echo.c:37:
../../echo_server_bsp/microblaze_0/include/lwip/sys.h:230:14: note: expected 'lwip_thread_fn {aka void (*)(void *)}' but argument is of type 'void (*)(void *, XLlFifo *) {aka void (*)(void *, struct XLlFifo *)}'
 sys_thread_t sys_thread_new(const char *name, lwip_thread_fn thread, void *arg, int stacksize, int prio);
              ^~~~~~~~~~~~~~
'Finished building: ../src/echo.c'
' '
'Building target: echo_server.elf'
'Invoking: MicroBlaze gcc linker'
mb-gcc -Wl,-T -Wl,../src/lscript.ld -L../../echo_server_bsp/microblaze_0/lib -mlittle-endian -mxl-barrel-shift -mxl-pattern-compare -mno-xl-soft-div -mcpu=v10.0 -mno-xl-soft-mul -mxl-multiply-high -mhard-float -mxl-float-convert -mxl-float-sqrt -Wl,--no-relax -Wl,--gc-sections -o "echo_server.elf"  ./src/echo.o ./src/iic_phyreset.o ./src/main.o   -Wl,--start-group,-lxil,-lfreertos,-lgcc,-lc,--end-group -Wl,--start-group,-lxil,-llwip4,-lgcc,-lc,--end-group
'Finished building target: echo_server.elf'
' '
'Invoking: MicroBlaze Print Size'
mb-size echo_server.elf  |tee "echo_server.elf.size"
   text	   data	    bss	    dec	    hex	filename
 209365	   1780	3004383	3215528	 3110a8	echo_server.elf
'Finished building: echo_server.elf.size'
' '
18:01:44 **** Auto Build of configuration Debug for project echo_server ****
make all 
'Building file: ../src/echo.c'
'Invoking: MicroBlaze gcc compiler'
mb-gcc -Wall -O0 -g3 -c -fmessage-length=0 -MT"src/echo.o" -I../../echo_server_bsp/microblaze_0/include -mlittle-endian -mxl-barrel-shift -mxl-pattern-compare -mno-xl-soft-div -mcpu=v10.0 -mno-xl-soft-mul -mxl-multiply-high -mhard-float -mxl-float-convert -mxl-float-sqrt -Wl,--no-relax -ffunction-sections -fdata-sections -MMD -MP -MF"src/echo.d" -MT"src/echo.o" -o "src/echo.o" "../src/echo.c"
../src/echo.c: In function 'send_sync_command':
../src/echo.c:279:5: warning: implicit declaration of function 'usleep' [-Wimplicit-function-declaration]
     usleep(1000);usleep(1000);usleep(1000);
     ^~~~~~
../src/echo.c:248:8: warning: variable 'Error' set but not used [-Wunused-but-set-variable]
    int Error;
        ^~~~~
../src/echo.c: In function 'send_Calpulse_LV1As':
../src/echo.c:443:6: warning: unused variable 'i' [-Wunused-variable]
  u32 i;
      ^
In file included from ../src/echo.c:45:0:
../src/echo.c: In function 'Initialize_everything':
../../echo_server_bsp/microblaze_0/include/xstatus.h:65:41: warning: 'return' with a value, in function returning void
 #define XST_FAILURE                     1L
                                         ^
../src/echo.c:543:11: note: in expansion of macro 'XST_FAILURE'
    return XST_FAILURE;
           ^~~~~~~~~~~
../src/echo.c:529:6: note: declared here
 void Initialize_everything()
      ^~~~~~~~~~~~~~~~~~~~~
In file included from ../src/echo.c:45:0:
../../echo_server_bsp/microblaze_0/include/xstatus.h:64:41: warning: 'return' with a value, in function returning void
 #define XST_SUCCESS                     0L
                                         ^
../src/echo.c:629:9: note: in expansion of macro 'XST_SUCCESS'
  return XST_SUCCESS;
         ^~~~~~~~~~~
../src/echo.c:529:6: note: declared here
 void Initialize_everything()
      ^~~~~~~~~~~~~~~~~~~~~
../src/echo.c: In function 'Initialize_fifo':
../src/echo.c:773:7: warning: unused variable 'Error' [-Wunused-variable]
   int Error;
       ^~~~~
../src/echo.c:772:7: warning: unused variable 'i' [-Wunused-variable]
   int i;
       ^
../src/echo.c: In function 'RxReceive':
../src/echo.c:832:11: warning: variable 'length' set but not used [-Wunused-but-set-variable]
  unsigned length=0;
           ^~~~~~
../src/echo.c:811:6: warning: unused variable 'Status' [-Wunused-variable]
  int Status;
      ^~~~~~
../src/echo.c: In function 'XLlFifoPollingExample':
../src/echo.c:898:6: warning: variable 'Error' set but not used [-Wunused-but-set-variable]
  int Error;
      ^~~~~
../src/echo.c:897:6: warning: unused variable 'i' [-Wunused-variable]
  int i;
      ^
../src/echo.c:894:18: warning: unused variable 'Config' [-Wunused-variable]
  XLlFifo_Config *Config;
                  ^~~~~~
../src/echo.c: In function 'TxSend':
../src/echo.c:1007:6: warning: unused variable 'j' [-Wunused-variable]
  u32 j;
      ^
../src/echo.c:1006:6: warning: unused variable 'i' [-Wunused-variable]
  u32 i;
      ^
In file included from ../src/echo.c:45:0:
../src/echo.c: In function 'check_fifo':
../../echo_server_bsp/microblaze_0/include/xstatus.h:65:41: warning: 'return' with a value, in function returning void
 #define XST_FAILURE                     1L
                                         ^
../src/echo.c:1102:10: note: in expansion of macro 'XST_FAILURE'
   return XST_FAILURE;
          ^~~~~~~~~~~
../src/echo.c:1075:6: note: declared here
 void check_fifo(u32  *SourceAddr,u32 data_len,u8 verbose_mode)
      ^~~~~~~~~~
In file included from ../src/echo.c:45:0:
../../echo_server_bsp/microblaze_0/include/xstatus.h:64:41: warning: 'return' with a value, in function returning void
 #define XST_SUCCESS                     0L
                                         ^
../src/echo.c:1108:9: note: in expansion of macro 'XST_SUCCESS'
  return XST_SUCCESS;
         ^~~~~~~~~~~
../src/echo.c:1075:6: note: declared here
 void check_fifo(u32  *SourceAddr,u32 data_len,u8 verbose_mode)
      ^~~~~~~~~~
../src/echo.c:1078:5: warning: unused variable 'i' [-Wunused-variable]
 u32 i;
     ^
../src/echo.c: At top level:
../src/echo.c:1141:9: warning: type defaults to 'int' in declaration of 'crc_ok' [-Wimplicit-int]
 extern  crc_ok;
         ^~~~~~
../src/echo.c: In function 'HDLC_Rx':
../src/echo.c:1276:6: warning: variable 'crc_received' set but not used [-Wunused-but-set-variable]
  u16 crc_received;
      ^~~~~~~~~~~~
../src/echo.c:1275:6: warning: unused variable 'crc_calculated' [-Wunused-variable]
  u16 crc_calculated;
      ^~~~~~~~~~~~~~
../src/echo.c:1268:4: warning: unused variable 'type_id' [-Wunused-variable]
 u8 type_id=0xaa;
    ^~~~~~~
../src/echo.c:1227:5: warning: unused variable 'hdlc_control' [-Wunused-variable]
  u8 hdlc_control = 0xff;
     ^~~~~~~~~~~~
../src/echo.c:1226:5: warning: unused variable 'hdlc_address' [-Wunused-variable]
  u8 hdlc_address = 0xff;
     ^~~~~~~~~~~~
../src/echo.c: In function 'HDLC_Tx':
../src/echo.c:1787:17: warning: pointer targets in passing argument 1 of 'crc16' differ in signedness [-Wpointer-sign]
   ut1.crc=crc16(hdlc_tx, length);
                 ^~~~~~~
../src/echo.c:1189:14: note: expected 'char *' but argument is of type 'u8 * {aka unsigned char *}'
 unsigned int crc16(char *data_p, unsigned short length)
              ^~~~~
../src/echo.c:1909:26: warning: array subscript has type 'char' [-Wchar-subscripts]
    ZeroInsertion_location[j]=i+1;
                          ^
In file included from ../src/echo.c:45:0:
../../echo_server_bsp/microblaze_0/include/xstatus.h:65:41: warning: 'return' with a value, in function returning void
 #define XST_FAILURE                     1L
                                         ^
../src/echo.c:1962:11: note: in expansion of macro 'XST_FAILURE'
    return XST_FAILURE;
           ^~~~~~~~~~~
../src/echo.c:1734:6: note: declared here
 void HDLC_Tx(XLlFifo *InstancePtr,u32 register_address, u32 register_data,u8 mode,u32* SourceAddr,u8 verbose_mode)
      ^~~~~~~
../src/echo.c: In function 'ReadADC':
../src/echo.c:2013:12: warning: variable 'status' set but not used [-Wunused-but-set-variable]
  unsigned  status;
            ^~~~~~
../src/echo.c: In function 'AdjustIref':
../src/echo.c:2171:12: warning: format '%x' expects argument of type 'unsigned int', but argument 2 has type 'u32 {aka long unsigned int}' [-Wformat=]
   printf("%x ,  %f mv\r\n",register_data, imon_adc);
            ^
../src/echo.c:2187:17: warning: format '%x' expects argument of type 'unsigned int', but argument 2 has type 'u32 {aka long unsigned int}' [-Wformat=]
  printf("Iref= %x , imon= %f mv\r\n",register_data, imon_adc);
                 ^
../src/echo.c: In function 'CalibrateADC':
../src/echo.c:2238:40: warning: format '%X' expects argument of type 'unsigned int', but argument 2 has type 'u32 {aka long unsigned int}' [-Wformat=]
     printf("GBL_CFG_CTR_4 read_data = %X\r\n",read_data);
                                        ^
../src/echo.c:2255:42: warning: format '%X' expects argument of type 'unsigned int', but argument 2 has type 'u32 {aka long unsigned int}' [-Wformat=]
     printf("GBL_CFG_CTR_4 write_value = %X ,  read_value = %X, %d\r\n",register_data,read_data,register_data==read_data);
                                          ^
../src/echo.c:2255:61: warning: format '%X' expects argument of type 'unsigned int', but argument 3 has type 'u32 {aka long unsigned int}' [-Wformat=]
     printf("GBL_CFG_CTR_4 write_value = %X ,  read_value = %X, %d\r\n",register_data,read_data,register_data==read_data);
                                                             ^
../src/echo.c:2214:6: warning: unused variable 'loop' [-Wunused-variable]
   u8 loop=0;
      ^~~~
../src/echo.c:2203:18: warning: unused variable 'vmon_adc' [-Wunused-variable]
  double imon_adc,vmon_adc;
                  ^~~~~~~~
../src/echo.c:2203:9: warning: variable 'imon_adc' set but not used [-Wunused-but-set-variable]
  double imon_adc,vmon_adc;
         ^~~~~~~~
../src/echo.c:2202:12: warning: variable 'adc_1' set but not used [-Wunused-but-set-variable]
  u32 adc_0,adc_1;
            ^~~~~
../src/echo.c:2202:6: warning: variable 'adc_0' set but not used [-Wunused-but-set-variable]
  u32 adc_0,adc_1;
      ^~~~~
../src/echo.c: In function 'CalibrateCAL_DAC':
../src/echo.c:2454:25: warning: format '%d' expects argument of type 'int', but argument 2 has type 'u32 {aka long unsigned int}' [-Wformat=]
       printf("CAL_DAC= %d , GBL_CFG_CAL_0= %x , step_voltage= %fmv, base_voltage= %fmv, charge= %ffC\r\n",CAL_DAC,register_data,step_voltage*1000,base_voltage*1000,charge);
                         ^
../src/echo.c:2454:45: warning: format '%x' expects argument of type 'unsigned int', but argument 3 has type 'u32 {aka long unsigned int}' [-Wformat=]
       printf("CAL_DAC= %d , GBL_CFG_CAL_0= %x , step_voltage= %fmv, base_voltage= %fmv, charge= %ffC\r\n",CAL_DAC,register_data,step_voltage*1000,base_voltage*1000,charge);
                                             ^
../src/echo.c: In function 'Scurve':
../src/echo.c:2475:5: warning: unused variable 'p' [-Wunused-variable]
 u64 p=9;
     ^
../src/echo.c: In function 'DecodeDataPacket':
../src/echo.c:2786:5: warning: unused variable 'PKT_LEN' [-Wunused-variable]
  u8 PKT_LEN=22;
     ^~~~~~~
../src/echo.c:2784:5: warning: unused variable 'loop' [-Wunused-variable]
  u8 loop;
     ^~~~
../src/echo.c:2783:5: warning: unused variable 'Header' [-Wunused-variable]
  u8 Header;
     ^~~~~~
../src/echo.c:2781:6: warning: variable 'i' set but not used [-Wunused-but-set-variable]
  u32 i,j;
      ^
../src/echo.c: In function 'echo_application_thread':
../src/echo.c:2979:28: warning: passing argument 2 of 'sys_thread_new' from incompatible pointer type [-Wincompatible-pointer-types]
    sys_thread_new("echos", process_echo_request,
                            ^~~~~~~~~~~~~~~~~~~~
In file included from ../../echo_server_bsp/microblaze_0/include/netif/xadapter.h:46:0,
                 from ../src/echo.c:37:
../../echo_server_bsp/microblaze_0/include/lwip/sys.h:230:14: note: expected 'lwip_thread_fn {aka void (*)(void *)}' but argument is of type 'void (*)(void *, XLlFifo *) {aka void (*)(void *, struct XLlFifo *)}'
 sys_thread_t sys_thread_new(const char *name, lwip_thread_fn thread, void *arg, int stacksize, int prio);
              ^~~~~~~~~~~~~~
'Finished building: ../src/echo.c'
' '
'Building target: echo_server.elf'
'Invoking: MicroBlaze gcc linker'
mb-gcc -Wl,-T -Wl,../src/lscript.ld -L../../echo_server_bsp/microblaze_0/lib -mlittle-endian -mxl-barrel-shift -mxl-pattern-compare -mno-xl-soft-div -mcpu=v10.0 -mno-xl-soft-mul -mxl-multiply-high -mhard-float -mxl-float-convert -mxl-float-sqrt -Wl,--no-relax -Wl,--gc-sections -o "echo_server.elf"  ./src/echo.o ./src/iic_phyreset.o ./src/main.o   -Wl,--start-group,-lxil,-lfreertos,-lgcc,-lc,--end-group -Wl,--start-group,-lxil,-llwip4,-lgcc,-lc,--end-group
'Finished building target: echo_server.elf'
' '
'Invoking: MicroBlaze Print Size'
mb-size echo_server.elf  |tee "echo_server.elf.size"
   text	   data	    bss	    dec	    hex	filename
 209381	   1780	3004383	3215544	 3110b8	echo_server.elf
'Finished building: echo_server.elf.size'
' '
18:01:56 **** Incremental Build of configuration Debug for project echo_server ****
make all 
make: Nothing to be done for `all'.
18:01:56 **** Incremental Build of configuration Debug for project echo_server_bsp_xiic_eeprom_example_1 ****
make all 
make: Nothing to be done for `all'.
18:01:57 **** Incremental Build of configuration Debug for project echo_server_bsp_xiic_low_level_eeprom_example_1 ****
make all 
make: Nothing to be done for `all'.
18:01:57 **** Incremental Build of configuration Debug for project echo_server_bsp_xiic_low_level_eeprom_example_2 ****
make all 
make: Nothing to be done for `all'.
18:01:57 **** Incremental Build of configuration Debug for project echo_server_bsp_xiic_repeated_start_example_1 ****
make all 
make: Nothing to be done for `all'.
18:01:57 **** Incremental Build of configuration Debug for project echo_server_bsp_xiic_selftest_example_1 ****
make all 
make: Nothing to be done for `all'.
18:01:58 **** Incremental Build of configuration Debug for project echo_server_bsp_xiic_tempsensor_example_1 ****
make all 
make: Nothing to be done for `all'.
18:01:58 **** Incremental Build of configuration Debug for project echo_server_bsp_xllfifo_polling_example_1 ****
make all 
make: Nothing to be done for `all'.
18:01:58 **** Incremental Build of configuration Debug for project test ****
make all 
make: Nothing to be done for `all'.
16:39:08 **** Incremental Build of configuration Debug for project echo_server ****
make all 
make: Nothing to be done for `all'.
16:39:08 **** Incremental Build of configuration Debug for project echo_server_bsp_xiic_eeprom_example_1 ****
make all 
make: Nothing to be done for `all'.
16:39:09 **** Incremental Build of configuration Debug for project echo_server_bsp_xiic_low_level_eeprom_example_1 ****
make all 
make: Nothing to be done for `all'.
16:39:09 **** Incremental Build of configuration Debug for project echo_server_bsp_xiic_low_level_eeprom_example_2 ****
make all 
make: Nothing to be done for `all'.
16:39:09 **** Incremental Build of configuration Debug for project echo_server_bsp_xiic_repeated_start_example_1 ****
make all 
make: Nothing to be done for `all'.
16:39:09 **** Incremental Build of configuration Debug for project echo_server_bsp_xiic_selftest_example_1 ****
make all 
make: Nothing to be done for `all'.
16:39:10 **** Incremental Build of configuration Debug for project echo_server_bsp_xiic_tempsensor_example_1 ****
make all 
make: Nothing to be done for `all'.
16:39:10 **** Incremental Build of configuration Debug for project echo_server_bsp_xllfifo_polling_example_1 ****
make all 
make: Nothing to be done for `all'.
16:39:10 **** Incremental Build of configuration Debug for project test ****
make all 
make: Nothing to be done for `all'.
